fsl_ftfx_flash.c:1039:13:flash_init_features	0	static
fsl_ftfx_flash.c:1062:17:flash_calculate_mem_size	8	static
fsl_ftfx_flash.c:1085:17:flash_calculate_prot_segment_size	0	static
fsl_ftfx_flash.c:1104:17:flash_check_range_to_get_index	16	static
fsl_ftfx_flash.c:1125:17:flash_convert_start_address	0	static
fsl_ftfx_flash.c:1148:17:flash_validate_swap_indicator_address	40	static
fsl_ftfx_flash.c:133:10:FLASH_Init	32	static
fsl_ftfx_flash.c:277:10:FLASH_Erase	32	static
fsl_ftfx_flash.c:297:10:FLASH_EraseAll	8	static
fsl_ftfx_flash.c:309:10:FLASH_Program	32	static
fsl_ftfx_flash.c:329:10:FLASH_ProgramOnce	8	static
fsl_ftfx_flash.c:335:10:FLASH_ProgramSection	32	static
fsl_ftfx_flash.c:357:10:FLASH_ReadResource	16	static
fsl_ftfx_flash.c:367:10:FLASH_ReadOnce	8	static
fsl_ftfx_flash.c:372:10:FLASH_VerifyErase	32	static
fsl_ftfx_flash.c:392:10:FLASH_VerifyEraseAll	8	static
fsl_ftfx_flash.c:397:10:FLASH_VerifyProgram	48	static
fsl_ftfx_flash.c:423:10:FLASH_GetSecurityState	8	static
fsl_ftfx_flash.c:428:10:FLASH_SecurityBypass	8	static
fsl_ftfx_flash.c:441:10:FLASH_Swap	32	static
fsl_ftfx_flash.c:542:10:FLASH_IsProtected	200	static
fsl_ftfx_flash.c:869:10:FLASH_PflashSetProtection	0	static
fsl_ftfx_flash.c:918:10:FLASH_PflashGetProtection	0	static
fsl_ftfx_flash.c:951:10:FLASH_GetProperty	0	static
