fsl_ftfx_controller.c:1103:17:ftfx_init_ifr	0	static
fsl_ftfx_controller.c:1173:17:ftfx_command_sequence	8	static
fsl_ftfx_controller.c:1229:17:ftfx_check_mem_range	4	static
fsl_ftfx_controller.c:1256:17:ftfx_check_user_key	0	static
fsl_ftfx_controller.c:1268:17:ftfx_read_word_from_byte_address	4	static
fsl_ftfx_controller.c:1290:13:ftfx_write_word_to_byte_address	0	static
fsl_ftfx_controller.c:1310:17:ftfx_check_resource_range	4	static
fsl_ftfx_controller.c:1383:17:ftfx_check_swap_control_option	0	static
fsl_ftfx_controller.c:1155:13:ftfx_copy_run_command_to_ram	8	static
fsl_ftfx_controller.c:209:10:FTFx_API_Init	8	static
fsl_ftfx_controller.c:286:10:FTFx_CMD_Erase	24	static
fsl_ftfx_controller.c:350:10:FTFx_CMD_EraseAll	8	static
fsl_ftfx_controller.c:420:10:FTFx_CMD_EraseAllExecuteOnlySegments	8	static
fsl_ftfx_controller.c:446:10:FTFx_CMD_Program	32	static
fsl_ftfx_controller.c:511:10:FTFx_CMD_ProgramOnce	24	static
fsl_ftfx_controller.c:551:10:FTFx_CMD_ProgramSection	48	static
fsl_ftfx_controller.c:709:10:FTFx_CMD_ReadOnce	32	static
fsl_ftfx_controller.c:751:10:FTFx_CMD_ReadResource	48	static
fsl_ftfx_controller.c:820:10:FTFx_CMD_VerifyErase	48	static
fsl_ftfx_controller.c:880:10:FTFx_CMD_VerifyEraseAll	8	static
fsl_ftfx_controller.c:894:10:FTFx_CMD_VerifyEraseAllExecuteOnlySegments	8	static
fsl_ftfx_controller.c:908:10:FTFx_CMD_VerifyProgram	32	static
fsl_ftfx_controller.c:966:10:FTFx_CMD_SecurityBypass	8	static
fsl_ftfx_controller.c:998:10:FTFx_REG_GetSecurityState	0	static
fsl_ftfx_controller.c:1059:10:FTFx_CMD_SwapControl	24	static
