fsl_sdhc.c:385:17:SDHC_ReadDataPort	12	static
fsl_sdhc.c:433:17:SDHC_ReadByDataPortBlocking	24	static
fsl_sdhc.c:479:17:SDHC_WriteDataPort	8	static
fsl_sdhc.c:527:17:SDHC_WriteByDataPortBlocking	24	static
fsl_sdhc.c:609:17:SDHC_TransferByDataPortBlocking	8	static
fsl_sdhc.c:625:17:SDHC_TransferByAdma2Blocking	0	static
fsl_sdhc.c:649:17:SDHC_TransferDataBlocking	8	static
fsl_sdhc.c:674:13:SDHC_TransferHandleCardDetect	8	static
fsl_sdhc.c:745:13:SDHC_TransferHandleSdioInterrupt	8	static
fsl_sdhc.c:753:13:SDHC_TransferHandleSdioBlockGap	8	static
fsl_sdhc.c:222:17:SDHC_GetInstance	8	static
fsl_sdhc.c:236:13:SDHC_SetTransferInterrupt	16	static
fsl_sdhc.c:353:17:SDHC_ReceiveCommandResponse	8	static
fsl_sdhc.c:585:17:SDHC_SendCommandBlocking	8	static
fsl_sdhc.c:692:13:SDHC_TransferHandleCommand	16	static
fsl_sdhc.c:711:13:SDHC_TransferHandleData	24	static
fsl_sdhc.c:1519:6:SDHC_TransferHandleIRQ	16	static
fsl_sdhc.c:833:6:SDHC_Deinit	8	static
fsl_sdhc.c:850:6:SDHC_Reset	4	static
fsl_sdhc.c:781:6:SDHC_Init	16	static
fsl_sdhc.c:872:6:SDHC_GetCapability	8	static
fsl_sdhc.c:911:10:SDHC_SetSdClock	16	static
fsl_sdhc.c:1012:6:SDHC_SetCardActive	0	static
fsl_sdhc.c:1049:6:SDHC_SetTransferConfig	8	static
fsl_sdhc.c:263:13:SDHC_StartTransfer	40	static
fsl_sdhc.c:1072:6:SDHC_EnableSdioControl	4	static
fsl_sdhc.c:1138:6:SDHC_SetMmcBootConfig	8	static
fsl_sdhc.c:1175:10:SDHC_SetAdmaTableConfig	16	static
fsl_sdhc.c:1350:10:SDHC_TransferBlocking	32	static
fsl_sdhc.c:1410:6:SDHC_TransferCreateHandle	24	static
fsl_sdhc.c:1463:10:SDHC_TransferNonBlocking	40	static
fsl_sdhc.c:1552:6:SDHC_DriverIRQHandler	8	static
