fsl_ftm.c:85:13:FTM_SetPwmSync	16	static
fsl_ftm.c:66:17:FTM_GetInstance	8	static
fsl_ftm.c:142:13:FTM_SetReloadPoints	16	static
fsl_ftm.c:217:10:FTM_Init	16	static
fsl_ftm.c:291:6:FTM_Deinit	8	static
fsl_ftm.c:322:6:FTM_GetDefaultConfig	8	static
fsl_ftm.c:371:10:FTM_SetupPwm	24	static
fsl_ftm.c:550:6:FTM_UpdatePwmDutycycle	8	static
fsl_ftm.c:595:6:FTM_UpdateChnlEdgeLevelSelect	0	static
fsl_ftm.c:622:10:FTM_SetupPwmMode	24	static
fsl_ftm.c:731:6:FTM_SetupInputCapture	16	static
fsl_ftm.c:778:6:FTM_SetupOutputCompare	16	static
fsl_ftm.c:823:6:FTM_SetupDualEdgeCapture	24	static
fsl_ftm.c:874:6:FTM_SetupQuadDecode	16	static
fsl_ftm.c:924:6:FTM_SetupFault	16	static
fsl_ftm.c:969:6:FTM_EnableInterrupts	4	static
fsl_ftm.c:1013:6:FTM_DisableInterrupts	4	static
fsl_ftm.c:1057:10:FTM_GetEnabledInterrupts	8	static
fsl_ftm.c:1105:10:FTM_GetStatusFlags	0	static
fsl_ftm.c:1145:6:FTM_ClearStatusFlags	0	static
