fsl_clock.c:190:13:CLOCK_FllStableDelay	8	static
fsl_clock.c:291:17:CLOCK_GetInternalRefClkSelectFreq	0	static
fsl_clock.c:325:16:CLOCK_GetOscRangeFromFreq	0	static
fsl_clock.c:210:17:CLOCK_GetMcgExtClkFreq	8	static
fsl_clock.c:237:17:CLOCK_GetFllExtRefClkFreq	8	static
fsl_clock.c:305:17:CLOCK_GetFllRefClkFreq	8	static
fsl_clock.c:319:17:CLOCK_GetPll0RefFreq	8	static
fsl_clock.c:350:10:CLOCK_GetOsc0ErClkFreq	8	static
fsl_clock.c:369:10:CLOCK_GetEr32kClkFreq	8	static
fsl_clock.c:542:6:CLOCK_SetSimConfig	4	static
fsl_clock.c:556:6:CLOCK_EnableUsbfs0Clock	4	static
fsl_clock.c:643:10:CLOCK_GetFllFreq	8	static
fsl_clock.c:677:10:CLOCK_GetInternalRefClkFreq	8	static
fsl_clock.c:719:10:CLOCK_GetPll0Freq	8	static
fsl_clock.c:398:10:CLOCK_GetPllFllSelClkFreq	8	static
fsl_clock.c:608:10:CLOCK_GetOutClkFreq	8	static
fsl_clock.c:426:10:CLOCK_GetPlatClkFreq	8	static
fsl_clock.c:436:10:CLOCK_GetFlashClkFreq	8	static
fsl_clock.c:446:10:CLOCK_GetFlexBusClkFreq	8	static
fsl_clock.c:456:10:CLOCK_GetBusClkFreq	8	static
fsl_clock.c:466:10:CLOCK_GetCoreSysClkFreq	8	static
fsl_clock.c:696:10:CLOCK_GetFixedFreqClkFreq	8	static
fsl_clock.c:481:10:CLOCK_GetFreq	8	static
fsl_clock.c:755:10:CLOCK_SetExternalRefClkConfig	0	static
fsl_clock.c:808:10:CLOCK_SetInternalRefClkConfig	8	static
fsl_clock.c:873:10:CLOCK_CalcPllDiv	32	static
fsl_clock.c:981:6:CLOCK_EnablePll0	8	static
fsl_clock.c:1008:6:CLOCK_SetOsc0MonitorMode	0	static
fsl_clock.c:1038:6:CLOCK_SetRtcOscMonitorMode	0	static
fsl_clock.c:1062:6:CLOCK_SetPll0MonitorMode	0	static
fsl_clock.c:1118:10:CLOCK_GetStatusFlags	0	static
fsl_clock.c:1162:6:CLOCK_ClearStatusFlags	0	static
fsl_clock.c:1188:6:CLOCK_InitOsc0	8	static
fsl_clock.c:1211:6:CLOCK_DeinitOsc0	0	static
fsl_clock.c:1235:10:CLOCK_TrimInternalRefClk	12	static
fsl_clock.c:1318:12:CLOCK_GetMode	0	static
fsl_clock.c:1436:10:CLOCK_SetFeiMode	16	static
fsl_clock.c:1512:10:CLOCK_SetFeeMode	24	static
fsl_clock.c:1607:10:CLOCK_SetFbiMode	16	static
fsl_clock.c:1687:10:CLOCK_SetFbeMode	16	static
fsl_clock.c:1780:10:CLOCK_SetBlpiMode	0	static
fsl_clock.c:1804:10:CLOCK_SetBlpeMode	0	static
fsl_clock.c:1838:10:CLOCK_SetPbeMode	8	static
fsl_clock.c:1891:10:CLOCK_SetPeeMode	0	static
fsl_clock.c:1928:10:CLOCK_ExternalModeToFbeModeQuick	0	static
fsl_clock.c:1970:10:CLOCK_InternalModeToFbiModeQuick	0	static
fsl_clock.c:2005:10:CLOCK_BootToFeiMode	8	static
fsl_clock.c:2025:10:CLOCK_BootToFeeMode	16	static
fsl_clock.c:2046:10:CLOCK_BootToBlpiMode	8	static
fsl_clock.c:2074:10:CLOCK_BootToBlpeMode	8	static
fsl_clock.c:2119:10:CLOCK_BootToPeeMode	16	static
fsl_clock.c:2179:10:CLOCK_SetMcgConfig	16	static
fsl_clock.c:2285:28:SDK_DelayAtLeastUs	16	static
