fsl_uart.c:790:13:UART_ReadNonBlocking	8	static
fsl_uart.c:719:13:UART_WriteNonBlocking	8	static
fsl_uart.c:127:10:UART_GetInstance	8	static
fsl_uart.c:152:8:UART_TransferGetRxRingBufferLength	8	static
fsl_uart.c:170:13:UART_TransferIsRxRingBufferFull	8	static
fsl_uart.c:210:10:UART_Init	24	static
fsl_uart.c:354:6:UART_Deinit	8	static
fsl_uart.c:393:6:UART_GetDefaultConfig	8	static
fsl_uart.c:433:10:UART_SetBaudRate	16	static
fsl_uart.c:514:6:UART_EnableInterrupts	0	static
fsl_uart.c:542:6:UART_DisableInterrupts	0	static
fsl_uart.c:577:10:UART_GetEnabledInterrupts	0	static
fsl_uart.c:607:10:UART_GetStatusFlags	0	static
fsl_uart.c:1228:6:UART_TransferHandleIRQ	24	static
fsl_uart.c:641:10:UART_ClearStatusFlags	8	static
fsl_uart.c:706:6:UART_WriteBlocking	4	static
fsl_uart.c:748:10:UART_ReadBlocking	16	static
fsl_uart.c:816:6:UART_TransferCreateHandle	24	static
fsl_uart.c:864:6:UART_TransferStartRingBuffer	8	static
fsl_uart.c:893:6:UART_TransferStopRingBuffer	16	static
fsl_uart.c:933:10:UART_TransferSendNonBlocking	8	static
fsl_uart.c:972:6:UART_TransferAbortSend	8	static
fsl_uart.c:995:10:UART_TransferGetSendCount	8	static
fsl_uart.c:1036:10:UART_TransferReceiveNonBlocking	32	static
fsl_uart.c:1167:6:UART_TransferAbortReceive	16	static
fsl_uart.c:1200:10:UART_TransferGetReceiveCount	8	static
fsl_uart.c:1519:6:UART_TransferHandleErrorIRQ	0	static
fsl_uart.c:1527:6:UART0_DriverIRQHandler	8	static
fsl_uart.c:1537:6:UART0_RX_TX_DriverIRQHandler	8	static
fsl_uart.c:1550:6:UART1_DriverIRQHandler	8	static
fsl_uart.c:1560:6:UART1_RX_TX_DriverIRQHandler	8	static
fsl_uart.c:1572:6:UART2_DriverIRQHandler	8	static
fsl_uart.c:1582:6:UART2_RX_TX_DriverIRQHandler	8	static
fsl_uart.c:1594:6:UART3_DriverIRQHandler	8	static
fsl_uart.c:1604:6:UART3_RX_TX_DriverIRQHandler	8	static
fsl_uart.c:1616:6:UART4_DriverIRQHandler	8	static
fsl_uart.c:1626:6:UART4_RX_TX_DriverIRQHandler	8	static
fsl_uart.c:1638:6:UART5_DriverIRQHandler	8	static
fsl_uart.c:1648:6:UART5_RX_TX_DriverIRQHandler	8	static
