fsl_edma.c:55:17:EDMA_GetInstance	8	static
fsl_edma.c:752:16:Get_StartInstance	8	static
fsl_edma.c:80:6:EDMA_InstallTCD	16	static
fsl_edma.c:112:6:EDMA_Init	16	static
fsl_edma.c:142:6:EDMA_Deinit	8	static
fsl_edma.c:164:6:EDMA_GetDefaultConfig	8	static
fsl_edma.c:239:6:EDMA_SetMinorOffsetConfig	16	static
fsl_edma.c:263:6:EDMA_SetChannelPreemptionConfig	8	static
fsl_edma.c:316:6:EDMA_SetBandWidth	8	static
fsl_edma.c:335:6:EDMA_SetModulo	8	static
fsl_edma.c:353:6:EDMA_EnableChannelInterrupts	16	static
fsl_edma.c:384:6:EDMA_DisableChannelInterrupts	16	static
fsl_edma.c:415:6:EDMA_TcdReset	8	static
fsl_edma.c:188:6:EDMA_ResetChannel	8	static
fsl_edma.c:462:6:EDMA_TcdSetTransferConfig	8	static
fsl_edma.c:220:6:EDMA_SetTransferConfig	16	static
fsl_edma.c:511:6:EDMA_TcdSetMinorOffsetConfig	8	static
fsl_edma.c:541:6:EDMA_TcdSetChannelLink	8	static
fsl_edma.c:294:6:EDMA_SetChannelLink	16	static
fsl_edma.c:591:6:EDMA_TcdSetModulo	8	static
fsl_edma.c:609:6:EDMA_TcdEnableInterrupts	8	static
fsl_edma.c:633:6:EDMA_TcdDisableInterrupts	8	static
fsl_edma.c:671:10:EDMA_GetRemainingMajorLoopCount	8	static
fsl_edma.c:707:10:EDMA_GetChannelStatusFlags	8	static
fsl_edma.c:731:6:EDMA_ClearChannelStatusFlags	8	static
fsl_edma.c:780:6:EDMA_CreateHandle	16	static
fsl_edma.c:835:6:EDMA_InstallTCDMemory	8	static
fsl_edma.c:859:6:EDMA_SetCallback	8	static
fsl_edma.c:884:6:EDMA_PrepareTransfer	40	static
fsl_edma.c:1001:10:EDMA_SubmitTransfer	32	static
fsl_edma.c:1154:6:EDMA_StartTransfer	16	static
fsl_edma.c:1201:6:EDMA_StopTransfer	8	static
fsl_edma.c:1217:6:EDMA_AbortTransfer	0	static
fsl_edma.c:1266:6:EDMA_HandleIRQ	16	static
fsl_edma.c:2418:6:DMA0_DriverIRQHandler	8	static
fsl_edma.c:2428:6:DMA1_DriverIRQHandler	8	static
fsl_edma.c:2438:6:DMA2_DriverIRQHandler	8	static
fsl_edma.c:2448:6:DMA3_DriverIRQHandler	8	static
fsl_edma.c:2461:6:DMA4_DriverIRQHandler	8	static
fsl_edma.c:2471:6:DMA5_DriverIRQHandler	8	static
fsl_edma.c:2481:6:DMA6_DriverIRQHandler	8	static
fsl_edma.c:2491:6:DMA7_DriverIRQHandler	8	static
fsl_edma.c:2505:6:DMA8_DriverIRQHandler	8	static
fsl_edma.c:2515:6:DMA9_DriverIRQHandler	8	static
fsl_edma.c:2525:6:DMA10_DriverIRQHandler	8	static
fsl_edma.c:2535:6:DMA11_DriverIRQHandler	8	static
fsl_edma.c:2545:6:DMA12_DriverIRQHandler	8	static
fsl_edma.c:2555:6:DMA13_DriverIRQHandler	8	static
fsl_edma.c:2565:6:DMA14_DriverIRQHandler	8	static
fsl_edma.c:2575:6:DMA15_DriverIRQHandler	8	static
