fsl_flexcan.c:383:13:FLEXCAN_EnterFreezeMode	0	static
fsl_flexcan.c:394:13:FLEXCAN_ExitFreezeMode	0	static
fsl_flexcan.c:407:13:FLEXCAN_IsMbOccupied	0	static
fsl_flexcan.c:505:13:FLEXCAN_Reset	8	static
fsl_flexcan.c:1144:13:FLEXCAN_GetSegments	8	static
fsl_flexcan.c:472:13:FLEXCAN_IsMbIntEnabled	8	static
fsl_flexcan.c:288:10:FLEXCAN_GetInstance	8	static
fsl_flexcan.c:858:6:FLEXCAN_Deinit	8	static
fsl_flexcan.c:897:6:FLEXCAN_GetDefaultConfig	8	static
fsl_flexcan.c:947:6:FLEXCAN_SetTimingConfig	16	static
fsl_flexcan.c:580:13:FLEXCAN_SetBaudRate	8	static
fsl_flexcan.c:677:6:FLEXCAN_Init	24	static
fsl_flexcan.c:1040:6:FLEXCAN_SetRxMbGlobalMask	16	static
fsl_flexcan.c:1062:6:FLEXCAN_SetRxFifoGlobalMask	16	static
fsl_flexcan.c:1088:6:FLEXCAN_SetRxIndividualMask	16	static
fsl_flexcan.c:1114:6:FLEXCAN_SetTxMbConfig	16	static
fsl_flexcan.c:1192:6:FLEXCAN_CalculateImprovedTimingValues	24	static
fsl_flexcan.c:1509:6:FLEXCAN_SetRxMbConfig	24	static
fsl_flexcan.c:1620:6:FLEXCAN_SetRxFifoConfig	24	static
fsl_flexcan.c:1847:10:FLEXCAN_WriteTxMb	16	static
fsl_flexcan.c:2010:10:FLEXCAN_ReadRxMb	16	static
fsl_flexcan.c:2175:10:FLEXCAN_ReadRxFifo	8	static
fsl_flexcan.c:2235:10:FLEXCAN_TransferSendBlocking	24	static
fsl_flexcan.c:2280:10:FLEXCAN_TransferReceiveBlocking	8	static
fsl_flexcan.c:2398:10:FLEXCAN_TransferReceiveFifoBlocking	8	static
fsl_flexcan.c:2428:6:FLEXCAN_TransferCreateHandle	24	static
fsl_flexcan.c:2493:10:FLEXCAN_TransferSendNonBlocking	16	static
fsl_flexcan.c:2554:10:FLEXCAN_TransferReceiveNonBlocking	16	static
fsl_flexcan.c:2709:10:FLEXCAN_TransferReceiveFifoNonBlocking	8	static
fsl_flexcan.c:2744:6:FLEXCAN_TransferAbortSend	24	static
fsl_flexcan.c:2856:6:FLEXCAN_TransferAbortReceive	16	static
fsl_flexcan.c:2885:6:FLEXCAN_TransferAbortReceiveFifo	8	static
fsl_flexcan.c:2912:6:FLEXCAN_TransferHandleIRQ	32	static
fsl_flexcan.c:3100:6:CAN0_DriverIRQHandler	8	static
