fsl_i2c.c:171:13:I2C_SetHoldTime	28	static
fsl_i2c.c:286:17:I2C_CheckAndClearError	0	static
fsl_i2c.c:503:13:I2C_TransferCommonIRQHandler	8	static
fsl_i2c.c:153:10:I2C_GetInstance	8	static
fsl_i2c.c:613:6:I2C_MasterDeinit	8	static
fsl_i2c.c:637:6:I2C_MasterGetDefaultConfig	8	static
fsl_i2c.c:674:6:I2C_EnableInterrupts	0	static
fsl_i2c.c:724:6:I2C_DisableInterrupts	0	static
fsl_i2c.c:753:6:I2C_MasterSetBaudRate	20	static
fsl_i2c.c:545:6:I2C_MasterInit	16	static
fsl_i2c.c:916:10:I2C_MasterStop	0	static
fsl_i2c.c:950:10:I2C_MasterGetStatusFlags	0	static
fsl_i2c.c:811:10:I2C_MasterStart	16	static
fsl_i2c.c:858:10:I2C_MasterRepeatedStart	16	static
fsl_i2c.c:309:17:I2C_MasterTransferRunStateMachine	32	static
fsl_i2c.c:1623:6:I2C_MasterTransferHandleIRQ	32	static
fsl_i2c.c:220:17:I2C_InitTransferStateMachine	24	static
fsl_i2c.c:2123:6:I2C_SlaveTransferHandleIRQ	32	static
fsl_i2c.c:985:10:I2C_MasterWriteBlocking	16	static
fsl_i2c.c:1087:10:I2C_MasterReadBlocking	32	static
fsl_i2c.c:1216:10:I2C_MasterTransferBlocking	16	static
fsl_i2c.c:1442:6:I2C_MasterTransferCreateHandle	24	static
fsl_i2c.c:1483:10:I2C_MasterTransferNonBlocking	16	static
fsl_i2c.c:1521:10:I2C_MasterTransferAbort	24	static
fsl_i2c.c:1603:10:I2C_MasterTransferGetCount	8	static
fsl_i2c.c:1694:6:I2C_SlaveInit	16	static
fsl_i2c.c:1761:6:I2C_SlaveDeinit	8	static
fsl_i2c.c:1784:6:I2C_SlaveGetDefaultConfig	8	static
fsl_i2c.c:1825:10:I2C_SlaveWriteBlocking	16	static
fsl_i2c.c:1883:10:I2C_SlaveReadBlocking	16	static
fsl_i2c.c:1977:6:I2C_SlaveTransferCreateHandle	24	static
fsl_i2c.c:2027:10:I2C_SlaveTransferNonBlocking	16	static
fsl_i2c.c:2069:6:I2C_SlaveTransferAbort	8	static
fsl_i2c.c:2095:10:I2C_SlaveTransferGetCount	8	static
fsl_i2c.c:2368:6:I2C0_DriverIRQHandler	8	static
fsl_i2c.c:2375:6:I2C1_DriverIRQHandler	8	static
fsl_i2c.c:2382:6:I2C2_DriverIRQHandler	8	static
