tasks.c:1797:20:prvTaskIsTaskSuspended	0	static
tasks.c:3737:32:prvTaskCheckFreeStackSpace	0	static
tasks.c:3879:13:prvResetNextTaskUnblockTime	0	static
tasks.c:3825:14:prvDeleteTCB	8	static
tasks.c:821:13:prvInitialiseNewTask	32	static
tasks.c:3545:13:prvInitialiseTaskLists	16	static
tasks.c:1072:13:prvAddNewTaskToReadyList	8	static
tasks.c:3577:13:prvCheckTasksWaitingTermination	8	static
tasks.c:3333:8:prvIdleTask	8	static
tasks.c:5080:13:prvAddCurrentTaskToDelayedList	16	static
tasks.c:730:13:xTaskCreate	48	static
tasks.c:1157:7:vTaskDelete	16	static
tasks.c:1378:13:eTaskGetState	24	static
tasks.c:1470:14:uxTaskPriorityGet	8	static
tasks.c:1492:14:uxTaskPriorityGetFromISR	8	static
tasks.c:1532:7:vTaskPrioritySet	24	static
tasks.c:1843:7:vTaskResume	16	static
tasks.c:1897:13:xTaskResumeFromISR	24	static
tasks.c:1967:6:vTaskStartScheduler	16	static
tasks.c:2089:6:vTaskEndScheduler	8	static
tasks.c:2100:6:vTaskSuspendAll	0	static
tasks.c:2283:12:xTaskGetTickCount	0	static
tasks.c:2298:12:xTaskGetTickCountFromISR	8	static
tasks.c:2329:13:uxTaskGetNumberOfTasks	0	static
tasks.c:2337:7:pcTaskGetName	0	static
tasks.c:2664:12:xTaskIncrementTick	24	static
tasks.c:2173:12:xTaskResumeAll	16	static
tasks.c:1249:7:vTaskDelayUntil	16	static
tasks.c:1333:7:vTaskDelay	8	static
tasks.c:2946:6:vTaskSwitchContext	8	static
tasks.c:1696:7:vTaskSuspend	16	static
tasks.c:3019:6:vTaskPlaceOnEventList	8	static
tasks.c:3036:6:vTaskPlaceOnUnorderedEventList	8	static
tasks.c:3062:7:vTaskPlaceOnEventListRestricted	16	static
tasks.c:3093:12:xTaskRemoveFromEventList	16	static
tasks.c:3161:6:vTaskRemoveFromUnorderedEventList	16	static
tasks.c:3195:6:vTaskSetTimeOutState	8	static
tasks.c:3207:6:vTaskInternalSetTimeOutState	0	static
tasks.c:3215:12:xTaskCheckForTimeOut	24	static
tasks.c:3278:6:vTaskMissedYield	0	static
tasks.c:3286:14:uxTaskGetTaskNumber	0	static
tasks.c:3309:7:vTaskSetTaskNumber	0	static
tasks.c:3492:7:vTaskSetThreadLocalStoragePointer	0	static
tasks.c:3508:8:pvTaskGetThreadLocalStoragePointer	0	static
tasks.c:3608:7:vTaskGetInfo	16	static
tasks.c:3704:21:prvListTasksWithinSingleList	32	static
tasks.c:2484:14:uxTaskGetSystemState	24	static
tasks.c:3905:15:xTaskGetCurrentTaskHandle	0	static
tasks.c:3922:13:xTaskGetSchedulerState	0	static
tasks.c:3950:13:xTaskPriorityInherit	16	static
tasks.c:4037:13:xTaskPriorityDisinherit	16	static
tasks.c:4117:7:vTaskPriorityDisinheritAfterTimeout	16	static
tasks.c:4532:12:uxTaskResetEventItemValue	0	static
tasks.c:4548:15:pvTaskIncrementMutexHeldCount	0	static
tasks.c:4565:11:ulTaskNotifyTake	16	static
tasks.c:4633:13:xTaskNotifyWait	24	static
tasks.c:4713:13:xTaskGenericNotify	24	static
tasks.c:4827:13:xTaskGenericNotifyFromISR	32	static
tasks.c:4956:7:vTaskNotifyGiveFromISR	24	static
tasks.c:5043:13:xTaskNotifyStateClear	8	static
