startup_mkl03z4.c:269:6:data_init	8	static
startup_mkl03z4.c:278:6:bss_init	0	static
startup_mkl03z4.c:303:6:ResetISR	8	static
startup_mkl03z4.c:385:14:NMI_Handler	0	static
startup_mkl03z4.c:389:14:HardFault_Handler	0	static
startup_mkl03z4.c:393:14:SVC_Handler	0	static
startup_mkl03z4.c:397:14:PendSV_Handler	0	static
startup_mkl03z4.c:401:14:SysTick_Handler	0	static
startup_mkl03z4.c:409:14:IntDefaultHandler	0	static
startup_mkl03z4.c:419:14:Reserved16_IRQHandler	8	static
startup_mkl03z4.c:423:14:Reserved17_IRQHandler	8	static
startup_mkl03z4.c:427:14:Reserved18_IRQHandler	8	static
startup_mkl03z4.c:431:14:Reserved19_IRQHandler	8	static
startup_mkl03z4.c:435:14:Reserved20_IRQHandler	8	static
startup_mkl03z4.c:439:14:FTFA_IRQHandler	8	static
startup_mkl03z4.c:443:14:PMC_IRQHandler	8	static
startup_mkl03z4.c:447:14:LLWU_IRQHandler	8	static
startup_mkl03z4.c:451:14:I2C0_IRQHandler	8	static
startup_mkl03z4.c:455:14:Reserved25_IRQHandler	8	static
startup_mkl03z4.c:459:14:SPI0_IRQHandler	8	static
startup_mkl03z4.c:463:14:Reserved27_IRQHandler	8	static
startup_mkl03z4.c:467:14:LPUART0_IRQHandler	8	static
startup_mkl03z4.c:471:14:Reserved29_IRQHandler	8	static
startup_mkl03z4.c:475:14:Reserved30_IRQHandler	8	static
startup_mkl03z4.c:479:14:ADC0_IRQHandler	8	static
startup_mkl03z4.c:483:14:CMP0_IRQHandler	8	static
startup_mkl03z4.c:487:14:TPM0_IRQHandler	8	static
startup_mkl03z4.c:491:14:TPM1_IRQHandler	8	static
startup_mkl03z4.c:495:14:Reserved35_IRQHandler	8	static
startup_mkl03z4.c:499:14:RTC_IRQHandler	8	static
startup_mkl03z4.c:503:14:RTC_Seconds_IRQHandler	8	static
startup_mkl03z4.c:507:14:Reserved38_IRQHandler	8	static
startup_mkl03z4.c:511:14:Reserved39_IRQHandler	8	static
startup_mkl03z4.c:515:14:Reserved40_IRQHandler	8	static
startup_mkl03z4.c:519:14:Reserved41_IRQHandler	8	static
startup_mkl03z4.c:523:14:Reserved42_IRQHandler	8	static
startup_mkl03z4.c:527:14:Reserved43_IRQHandler	8	static
startup_mkl03z4.c:531:14:LPTMR0_IRQHandler	8	static
startup_mkl03z4.c:535:14:Reserved45_IRQHandler	8	static
startup_mkl03z4.c:539:14:PORTA_IRQHandler	8	static
startup_mkl03z4.c:543:14:PORTB_IRQHandler	8	static
