fsl_mmc.c:620:17:MMC_SendOperationCondition	56	static
fsl_mmc.c:1656:13:MMC_DecodeCid	8	static
fsl_mmc.c:669:17:MMC_SetRelativeAddress	48	static
fsl_mmc.c:694:13:MMC_DecodeCsd	8	static
fsl_mmc.c:870:13:MMC_DecodeExtendedCsd	8	static
fsl_mmc.c:459:17:MMC_Transfer	16	static
fsl_mmc.c:512:17:MMC_WaitWriteComplete	48	static
fsl_mmc.c:834:17:MMC_SetExtendedCsdConfig	56	static
fsl_mmc.c:1381:17:MMC_SwitchHSTiming	24	static
fsl_mmc.c:1122:17:MMC_SendTestPattern	80	static
fsl_mmc.c:1154:17:MMC_ReceiveTestPattern	80	static
fsl_mmc.c:1271:17:MMC_SetDataBusWidth	24	static
fsl_mmc.c:1024:17:MMC_SetPowerClass	24	static
fsl_mmc.c:801:17:MMC_SetMaxEraseUnitSize	16	static
fsl_mmc.c:1733:17:MMC_CheckBlockRange	8	static
fsl_mmc.c:548:17:MMC_StopTransmission	48	static
fsl_mmc.c:1768:17:MMC_CheckEraseGroupRange	8	static
fsl_mmc.c:1818:17:MMC_Read	88	static
fsl_mmc.c:1896:17:MMC_Write	88	static
fsl_mmc.c:782:13:MMC_SetMaxFrequency	8	static
fsl_mmc.c:571:17:MMC_SwitchVoltage	8	static
fsl_mmc.c:1681:17:MMC_AllSendCid	56	static
fsl_mmc.c:1706:17:MMC_SendCsd	56	static
fsl_mmc.c:961:17:MMC_SendExtendedCsd	88	static
fsl_mmc.c:1185:17:MMC_TestDataBusWidth	24	static
fsl_mmc.c:1292:17:MMC_SetMaxDataBusWidth	16	static
fsl_mmc.c:1413:17:MMC_SwitchToHighSpeed	8	static
fsl_mmc.c:1607:17:MMC_SelectBusTiming	8	static
fsl_mmc.c:1981:10:MMC_CardInit	16	static
fsl_mmc.c:2098:6:MMC_CardDeinit	8	static
fsl_mmc.c:2105:10:MMC_HostInit	8	static
fsl_mmc.c:2120:6:MMC_HostDeinit	8	static
fsl_mmc.c:2129:6:MMC_HostReset	8	static
fsl_mmc.c:2134:6:MMC_PowerOnCard	8	static
fsl_mmc.c:2139:6:MMC_PowerOffCard	8	static
fsl_mmc.c:2144:10:MMC_Init	8	static
fsl_mmc.c:2170:6:MMC_Deinit	8	static
fsl_mmc.c:2178:6:MMC_CheckReadOnly	8	static
fsl_mmc.c:2186:10:MMC_SelectPartition	24	static
fsl_mmc.c:2213:10:MMC_ReadBlocks	56	static
fsl_mmc.c:2273:10:MMC_WriteBlocks	56	static
fsl_mmc.c:2333:10:MMC_EraseGroups	56	static
fsl_mmc.c:2416:10:MMC_SetBootConfigWP	24	static
fsl_mmc.c:2435:10:MMC_SetBootPartitionWP	24	static
fsl_mmc.c:2454:10:MMC_SetBootConfig	32	static
fsl_mmc.c:2539:10:MMC_StartBoot	88	static
fsl_mmc.c:2623:10:MMC_ReadBootData	96	static
fsl_mmc.c:2655:10:MMC_StopBoot	8	static
