fsl_sd.c:358:17:SD_StopTransmission	48	static
fsl_sd.c:384:17:SD_Transfer	24	static
fsl_sd.c:439:17:SD_WaitWriteComplete	48	static
fsl_sd.c:1244:13:SD_DecodeStatus	8	static
fsl_sd.c:544:17:SD_SwitchFunction	80	static
fsl_sd.c:1362:17:SD_Read	96	static
fsl_sd.c:1478:17:SD_Erase	56	static
fsl_sd.c:1079:17:SD_SendInterfaceCondition	56	static
fsl_sd.c:977:13:SD_DecodeCid	8	static
fsl_sd.c:516:17:SD_SendRca	48	static
fsl_sd.c:846:13:SD_DecodeCsd	8	static
fsl_sd.c:575:13:SD_DecodeScr	8	static
fsl_sd.c:695:17:SD_SelectFunction	48	static
fsl_sd.c:1002:17:SD_AllSendCid	56	static
fsl_sd.c:947:17:SD_SendCsd	56	static
fsl_sd.c:345:17:SD_SwitchVoltage	8	static
fsl_sd.c:1118:17:SD_SelectBusTiming	16	static
fsl_sd.c:1026:17:SD_ApplicationSendOperationCondition	56	static
fsl_sd.c:808:17:SD_SetDataBusWidth	56	static
fsl_sd.c:633:17:SD_SendScr	80	static
fsl_sd.c:472:17:SD_SendWriteSuccessBlocks	80	static
fsl_sd.c:1406:17:SD_Write	96	static
fsl_sd.c:1263:10:SD_ReadStatus	80	static
fsl_sd.c:1331:10:SD_SelectCard	8	static
fsl_sd.c:1338:10:SD_SetDriverStrength	8	static
fsl_sd.c:1350:10:SD_SetMaxCurrent	8	static
fsl_sd.c:1555:6:SD_CheckReadOnly	8	static
fsl_sd.c:1563:10:SD_ReadBlocks	48	static
fsl_sd.c:1619:10:SD_WriteBlocks	56	static
fsl_sd.c:1672:10:SD_EraseBlocks	32	static
fsl_sd.c:1732:10:SD_ProbeBusVoltage	16	static
fsl_sd.c:1819:10:SD_CardInit	16	static
fsl_sd.c:1894:6:SD_CardDeinit	8	static
fsl_sd.c:1901:10:SD_HostInit	8	static
fsl_sd.c:1916:6:SD_HostDeinit	8	static
fsl_sd.c:1925:6:SD_HostReset	8	static
fsl_sd.c:1930:6:SD_PowerOnCard	8	static
fsl_sd.c:1935:6:SD_PowerOffCard	8	static
fsl_sd.c:1940:10:SD_WaitCardDetectStatus	8	static
fsl_sd.c:1945:6:SD_IsCardPresent	8	static
fsl_sd.c:1950:10:SD_Init	8	static
fsl_sd.c:1976:6:SD_Deinit	8	static
