fsl_sdspi.c:251:17:SDSPI_WaitReady	24	static
fsl_sdspi.c:314:17:SDSPI_SendCommand	32	static
fsl_sdspi.c:789:17:SDSPI_StopTransmission	16	static
fsl_sdspi.c:417:17:SDSPI_GoIdle	24	static
fsl_sdspi.c:439:17:SDSPI_SendInterfaceCondition	24	static
fsl_sdspi.c:479:17:SDSPI_SendApplicationCmd	16	static
fsl_sdspi.c:499:17:SDSPI_ApplicationSendOperationCondition	24	static
fsl_sdspi.c:526:17:SDSPI_ReadOcr	24	static
fsl_sdspi.c:559:17:SDSPI_SetBlockSize	16	static
fsl_sdspi.c:574:13:SDSPI_DecodeCsd	16	static
fsl_sdspi.c:740:13:SDSPI_DecodeScr	8	static
fsl_sdspi.c:801:17:SDSPI_Write	32	static
fsl_sdspi.c:900:17:SDSPI_Erase	24	static
fsl_sdspi.c:857:17:SDSPI_Read	32	static
fsl_sdspi.c:681:17:SDSPI_SendCsd	24	static
fsl_sdspi.c:762:17:SDSPI_SendScr	24	static
fsl_sdspi.c:938:17:SDSPI_SwitchFunction	24	static
fsl_sdspi.c:703:13:SDSPI_DecodeCid	16	static
fsl_sdspi.c:964:17:SDSPI_SelectFunction	112	static
fsl_sdspi.c:718:10:SDSPI_SendCid	24	static
fsl_sdspi.c:1040:10:SDSPI_Init	16	static
fsl_sdspi.c:1111:6:SDSPI_Deinit	8	static
fsl_sdspi.c:1118:6:SDSPI_CheckReadOnly	8	static
fsl_sdspi.c:1130:10:SDSPI_ReadBlocks	32	static
fsl_sdspi.c:1171:10:SDSPI_WriteBlocks	32	static
fsl_sdspi.c:1229:10:SDSPI_SendPreErase	24	static
fsl_sdspi.c:1254:10:SDSPI_EraseBlocks	24	static
fsl_sdspi.c:1288:10:SDSPI_SwitchToHighSpeed	16	static
