fsl_clock.h:400:20:CLOCK_SetEr32kClock	16	static
fsl_clock.h:627:20:OSC_SetExtRefClkConfig	24	static
fsl_clock.h:654:20:OSC_SetCapLoad	24	static
fsl_clock.c:86:17:CLOCK_GetLircClkFreq	8	static
fsl_clock.c:101:10:CLOCK_GetOsc0ErClkFreq	8	static
fsl_clock.c:115:10:CLOCK_GetEr32kClkFreq	16	static
fsl_clock.c:139:10:CLOCK_GetPlatClkFreq	8	static
fsl_clock.c:144:10:CLOCK_GetFlashClkFreq	16	static
fsl_clock.c:154:10:CLOCK_GetBusClkFreq	16	static
fsl_clock.c:164:10:CLOCK_GetCoreSysClkFreq	8	static
fsl_clock.c:169:10:CLOCK_GetFreq	24	static
fsl_clock.c:208:6:CLOCK_SetSimConfig	16	static
fsl_clock.c:214:10:CLOCK_GetInternalRefClkFreq	16	static
fsl_clock.c:222:10:CLOCK_GetPeriphClkFreq	8	static
fsl_clock.c:235:10:CLOCK_GetOutClkFreq	16	static
fsl_clock.c:260:16:CLOCK_GetMode	16	static
fsl_clock.c:290:10:CLOCK_SetMcgliteConfig	16	static
fsl_clock.c:332:6:CLOCK_InitOsc0	16	static
fsl_clock.c:348:6:CLOCK_DeinitOsc0	8	static
