core_cm0plus.h:731:22:__NVIC_EnableIRQ	16	static
fsl_clock.h:378:20:CLOCK_EnableClock	24	static
fsl_clock.h:389:20:CLOCK_DisableClock	24	static
fsl_common.h:363:28:EnableIRQ	16	static
fsl_lpuart.c:131:10:LPUART_GetInstance	24	static
fsl_lpuart.c:149:8:LPUART_TransferGetRxRingBufferLength	24	static
fsl_lpuart.c:167:13:LPUART_TransferIsRxRingBufferFull	24	static
fsl_lpuart.c:184:13:LPUART_WriteNonBlocking	32	static
fsl_lpuart.c:198:13:LPUART_ReadNonBlocking	32	static
fsl_lpuart.c:229:10:LPUART_Init	64	static
fsl_lpuart.c:438:6:LPUART_Deinit	24	static
fsl_lpuart.c:483:6:LPUART_GetDefaultConfig	16	static
fsl_lpuart.c:510:10:LPUART_SetBaudRate	64	static
fsl_lpuart.c:595:6:LPUART_EnableInterrupts	16	static
fsl_lpuart.c:606:6:LPUART_DisableInterrupts	16	static
fsl_lpuart.c:617:10:LPUART_GetEnabledInterrupts	24	static
fsl_lpuart.c:629:10:LPUART_GetStatusFlags	24	static
fsl_lpuart.c:641:10:LPUART_ClearStatusFlags	24	static
fsl_lpuart.c:682:6:LPUART_WriteBlocking	24	static
fsl_lpuart.c:697:10:LPUART_ReadBlocking	32	static
fsl_lpuart.c:760:6:LPUART_TransferCreateHandle	32	static
fsl_lpuart.c:808:6:LPUART_TransferStartRingBuffer	24	static
fsl_lpuart.c:826:6:LPUART_TransferStopRingBuffer	16	static
fsl_lpuart.c:841:10:LPUART_TransferSendNonBlocking	32	static
fsl_lpuart.c:871:6:LPUART_TransferAbortSend	16	static
fsl_lpuart.c:881:10:LPUART_TransferGetSendCount	24	static
fsl_lpuart.c:896:10:LPUART_TransferReceiveNonBlocking	56	static
fsl_lpuart.c:1012:6:LPUART_TransferAbortReceive	16	static
fsl_lpuart.c:1028:10:LPUART_TransferGetReceiveCount	24	static
fsl_lpuart.c:1043:6:LPUART_TransferHandleIRQ	32	static
fsl_lpuart.c:1249:6:LPUART_TransferHandleErrorIRQ	16	static
fsl_lpuart.c:1355:6:LPUART0_DriverIRQHandler	8	static
