fsl_flash.c:735:10:FLASH_Init	24	static
fsl_flash.c:851:10:FLASH_PrepareExecuteInRamFunctions	24	static
fsl_flash.c:872:10:FLASH_EraseAll	24	static
fsl_flash.c:910:10:FLASH_Erase	80	static
fsl_flash.c:978:10:FLASH_EraseAllUnsecure	24	static
fsl_flash.c:1017:10:FLASH_EraseAllExecuteOnlySegments	24	static
fsl_flash.c:1047:10:FLASH_Program	72	static
fsl_flash.c:1110:10:FLASH_ProgramOnce	32	static
fsl_flash.c:1356:10:FLASH_ReadResource	72	static
fsl_flash.c:1417:10:FLASH_ReadOnce	32	static
fsl_flash.c:1453:10:FLASH_GetSecurityState	24	static
fsl_flash.c:1491:10:FLASH_SecurityBypass	24	static
fsl_flash.c:1523:10:FLASH_VerifyEraseAll	16	static
fsl_flash.c:1537:10:FLASH_VerifyErase	88	static
fsl_flash.c:1596:10:FLASH_VerifyProgram	72	static
fsl_flash.c:1654:10:FLASH_VerifyEraseAllExecuteOnlySegments	16	static
fsl_flash.c:1668:10:FLASH_IsProtected	224	static
fsl_flash.c:1860:10:FLASH_IsExecuteOnly	32	static
fsl_flash.c:1984:10:FLASH_GetProperty	24	static
fsl_flash.c:2065:10:FLASH_SetProperty	32	static
fsl_flash.c:2316:10:FLASH_PflashSetProtection	16	static
fsl_flash.c:2359:10:FLASH_PflashGetProtection	16	static
fsl_flash.c:2470:10:FLASH_PflashSetPrefetchSpeculation	24	static
fsl_flash.c:2582:10:FLASH_PflashGetPrefetchSpeculation	24	static
fsl_flash.c:2671:13:copy_flash_run_command	16	static
fsl_flash.c:2690:17:flash_command_sequence	24	static
fsl_flash.c:2932:6:flash_cache_clear	16	static
fsl_flash.c:2942:13:flash_cache_clear_process	24	static
fsl_flash.c:2980:17:flash_check_execute_in_ram_function_info	24	static
fsl_flash.c:3002:17:flash_check_range	24	static
fsl_flash.c:3034:17:flash_get_matched_operation_info	24	static
fsl_flash.c:3093:17:flash_check_user_key	16	static
fsl_flash.c:3318:17:flash_check_resource_range	32	static
fsl_flash.c:3456:17:flash_get_protection_info	24	static
