core_cm0plus.h:731:22:__NVIC_EnableIRQ	16	static
fsl_clock.h:378:20:CLOCK_EnableClock	24	static
fsl_clock.h:389:20:CLOCK_DisableClock	24	static
fsl_common.h:363:28:EnableIRQ	16	static
fsl_spi.h:703:20:SPI_SlaveTransferAbort	16	static
fsl_spi.c:140:10:SPI_GetInstance	24	static
fsl_spi.c:158:6:SPI_SetDummyData	24	static
fsl_spi.c:164:13:SPI_WriteNonBlocking	40	static
fsl_spi.c:204:13:SPI_ReadNonBlocking	32	static
fsl_spi.c:243:16:SPI_GetWatermark	24	static
fsl_spi.c:272:13:SPI_SendInitialTransfer	32	static
fsl_spi.c:297:13:SPI_SendTransfer	32	static
fsl_spi.c:360:13:SPI_ReceiveTransfer	32	static
fsl_spi.c:405:6:SPI_MasterGetDefaultConfig	16	static
fsl_spi.c:427:6:SPI_MasterInit	24	static
fsl_spi.c:475:6:SPI_SlaveGetDefaultConfig	16	static
fsl_spi.c:494:6:SPI_SlaveInit	16	static
fsl_spi.c:538:6:SPI_Deinit	16	static
fsl_spi.c:549:10:SPI_GetStatusFlags	16	static
fsl_spi.c:565:6:SPI_EnableInterrupts	16	static
fsl_spi.c:604:6:SPI_DisableInterrupts	16	static
fsl_spi.c:642:6:SPI_MasterSetBaudRate	64	static
fsl_spi.c:695:6:SPI_WriteBlocking	40	static
fsl_spi.c:736:6:SPI_WriteData	16	static
fsl_spi.c:746:10:SPI_ReadData	24	static
fsl_spi.c:758:10:SPI_MasterTransferBlocking	32	static
fsl_spi.c:816:6:SPI_MasterTransferCreateHandle	40	static
fsl_spi.c:846:10:SPI_MasterTransferNonBlocking	24	static
fsl_spi.c:917:10:SPI_MasterTransferGetCount	32	static
fsl_spi.c:943:6:SPI_MasterTransferAbort	16	static
fsl_spi.c:969:6:SPI_MasterTransferHandleIRQ	24	static
fsl_spi.c:998:6:SPI_SlaveTransferCreateHandle	24	static
fsl_spi.c:1011:6:SPI_SlaveTransferHandleIRQ	24	static
fsl_spi.c:1040:13:SPI_CommonIRQHandler	16	static
fsl_spi.c:1058:6:SPI0_DriverIRQHandler	8	static
