core_cm0plus.h:731:22:__NVIC_EnableIRQ	16	static
fsl_clock.h:378:20:CLOCK_EnableClock	24	static
fsl_clock.h:389:20:CLOCK_DisableClock	24	static
fsl_common.h:363:28:EnableIRQ	16	static
fsl_i2c.h:388:20:I2C_Enable	16	static
fsl_i2c.h:421:24:I2C_SlaveGetStatusFlags	16	static
fsl_i2c.h:439:20:I2C_MasterClearStatusFlags	16	static
fsl_i2c.h:474:20:I2C_SlaveClearStatusFlags	16	static
fsl_i2c.c:172:10:I2C_GetInstance	24	static
fsl_i2c.c:190:13:I2C_SetHoldTime	56	static
fsl_i2c.c:238:17:I2C_InitTransferStateMachine	40	static
fsl_i2c.c:304:17:I2C_CheckAndClearError	24	static
fsl_i2c.c:327:17:I2C_MasterTransferRunStateMachine	48	static
fsl_i2c.c:490:13:I2C_TransferCommonIRQHandler	16	static
fsl_i2c.c:504:6:I2C_MasterInit	32	static
fsl_i2c.c:566:6:I2C_MasterDeinit	16	static
fsl_i2c.c:577:6:I2C_MasterGetDefaultConfig	16	static
fsl_i2c.c:601:6:I2C_EnableInterrupts	24	static
fsl_i2c.c:641:6:I2C_DisableInterrupts	16	static
fsl_i2c.c:663:6:I2C_MasterSetBaudRate	56	static
fsl_i2c.c:705:10:I2C_MasterStart	24	static
fsl_i2c.c:743:10:I2C_MasterRepeatedStart	32	static
fsl_i2c.c:795:10:I2C_MasterStop	24	static
fsl_i2c.c:823:10:I2C_MasterGetStatusFlags	24	static
fsl_i2c.c:846:10:I2C_MasterWriteBlocking	32	static
fsl_i2c.c:932:10:I2C_MasterReadBlocking	32	static
fsl_i2c.c:1022:10:I2C_MasterTransferBlocking	24	static
fsl_i2c.c:1221:6:I2C_MasterTransferCreateHandle	32	static
fsl_i2c.c:1247:10:I2C_MasterTransferNonBlocking	32	static
fsl_i2c.c:1274:10:I2C_MasterTransferAbort	24	static
fsl_i2c.c:1347:10:I2C_MasterTransferGetCount	24	static
fsl_i2c.c:1361:6:I2C_MasterTransferHandleIRQ	40	static
fsl_i2c.c:1405:6:I2C_SlaveInit	32	static
fsl_i2c.c:1467:6:I2C_SlaveDeinit	16	static
fsl_i2c.c:1478:6:I2C_SlaveGetDefaultConfig	16	static
fsl_i2c.c:1506:10:I2C_SlaveWriteBlocking	40	static
fsl_i2c.c:1555:10:I2C_SlaveReadBlocking	32	static
fsl_i2c.c:1641:6:I2C_SlaveTransferCreateHandle	32	static
fsl_i2c.c:1667:10:I2C_SlaveTransferNonBlocking	24	static
fsl_i2c.c:1700:6:I2C_SlaveTransferAbort	16	static
fsl_i2c.c:1717:10:I2C_SlaveTransferGetCount	24	static
fsl_i2c.c:1739:6:I2C_SlaveTransferHandleIRQ	48	static
fsl_i2c.c:1981:6:I2C0_DriverIRQHandler	8	static
