usb_osa_freertos.c:95:7:USB_OsaMemoryAllocate	8	static
usb_osa_freertos.c:109:6:USB_OsaMemoryFree	8	static
usb_osa_freertos.c:113:6:USB_OsaEnterCritical	8	static
usb_osa_freertos.c:129:6:USB_OsaExitCritical	8	static
usb_osa_freertos.c:145:18:USB_OsaEventCreate	16	static
usb_osa_freertos.c:199:18:USB_OsaEventDestroy	8	static
usb_osa_freertos.c:224:18:USB_OsaEventSet	16	static
usb_osa_freertos.c:252:18:USB_OsaEventWait	32	static
usb_osa_freertos.c:294:18:USB_OsaEventCheck	16	static
usb_osa_freertos.c:326:18:USB_OsaEventClear	8	static
usb_osa_freertos.c:354:18:USB_OsaSemCreate	8	static
usb_osa_freertos.c:401:18:USB_OsaSemDestroy	8	static
usb_osa_freertos.c:422:18:USB_OsaSemPost	16	static
usb_osa_freertos.c:464:18:USB_OsaSemWait	8	static
usb_osa_freertos.c:496:18:USB_OsaMutexCreate	8	static
usb_osa_freertos.c:541:18:USB_OsaMutexDestroy	8	static
usb_osa_freertos.c:562:18:USB_OsaMutexLock	8	static
usb_osa_freertos.c:586:18:USB_OsaMutexUnlock	8	static
usb_osa_freertos.c:609:18:USB_OsaMsgqCreate	8	static
usb_osa_freertos.c:656:18:USB_OsaMsgqDestroy	8	static
usb_osa_freertos.c:678:18:USB_OsaMsgqSend	16	static
usb_osa_freertos.c:721:18:USB_OsaMsgqRecv	8	static
usb_osa_freertos.c:754:18:USB_OsaMsgqCheck	16	static
