ff.c:570:13:ld_word	0	static
ff.c:579:14:ld_dword	0	static
ff.c:608:13:st_word	0	static
ff.c:614:13:st_dword	0	static
ff.c:644:13:mem_cpy	0	static
ff.c:658:13:mem_set	0	static
ff.c:669:12:mem_cmp	4	static
ff.c:683:12:chk_chr	0	static
ff.c:691:12:dbc_1st	0	static
ff.c:711:12:dbc_2nd	0	static
ff.c:1122:14:clst2sect	0	static
ff.c:1824:14:ld_clust	16	static
ff.c:1841:13:st_clust	16	static
ff.c:2635:13:get_fileinfo	16	static
ff.c:2817:16:create_name	48	static
ff.c:3101:12:get_ldnumber	4	static
ff.c:6342:6:putc_init	16	static
ff.c:3427:16:validate	16	static
ff.c:1032:16:sync_window	16	static
ff.c:1054:16:move_window	16	static
ff.c:3175:13:check_fs	8	static
ff.c:3202:16:find_volume	48	static
ff.c:1216:16:put_fat	32	static
ff.c:1139:14:get_fat	24	static
ff.c:1673:16:dir_sdi	24	static
ff.c:1501:14:create_chain	24	static
ff.c:1406:16:remove_chain	24	static
ff.c:2589:16:dir_remove	16	static
ff.c:1634:16:dir_clear	24	static
ff.c:1721:16:dir_next	32	static
ff.c:2402:16:dir_find	16	static
ff.c:3014:16:follow_path	24	static
ff.c:1782:16:dir_alloc	24	static
ff.c:2483:16:dir_register	16	static
ff.c:2324:16:dir_read	24	static
ff.c:1085:16:sync_fs	16	static
ff.c:3471:9:f_mount	24	static
ff.c:3519:9:f_open	80	static
ff.c:3709:9:f_read	56	static
ff.c:3809:9:f_write	56	static
ff.c:6196:6:putc_bfd	24	static
ff.c:6328:5:putc_flush	16	static
ff.c:3930:9:f_sync	24	static
ff.c:4011:9:f_close	16	static
ff.c:4047:9:f_chdrive	16	static
ff.c:4064:9:f_chdir	72	static
ff.c:4126:9:f_getcwd	104	static
ff.c:4225:9:f_lseek	40	static
ff.c:4386:9:f_opendir	24	static
ff.c:4452:9:f_closedir	16	static
ff.c:4482:9:f_readdir	24	static
ff.c:4570:9:f_stat	72	static
ff.c:4605:9:f_getfree	64	static
ff.c:4694:9:f_truncate	24	static
ff.c:4744:9:f_unlink	128	static
ff.c:4838:9:f_mkdir	104	static
ff.c:4926:9:f_rename	152	static
ff.c:5506:9:f_mkfs	88	static
ff.c:6054:8:f_gets	32	static
ff.c:6353:5:f_putc	88	static
ff.c:6373:5:f_puts	88	static
ff.c:6393:5:f_printf	140	static
