Archive member included to satisfy reference by file (symbol)

e:/nxp/mcuxpressoide_11.0.0_2516/ide/plugins/com.nxp.mcuxpresso.tools.win32_11.0.0.201905131304/tools/bin/../lib/gcc/arm-none-eabi/8.2.1/../../../../arm-none-eabi/lib/thumb/v6-m/nofp\libcr_semihost_nf.a(_cr__main.o)
                              ./startup/startup_mkl03z4.o (__main)
e:/nxp/mcuxpressoide_11.0.0_2516/ide/plugins/com.nxp.mcuxpresso.tools.win32_11.0.0.201905131304/tools/bin/../lib/gcc/arm-none-eabi/8.2.1/../../../../arm-none-eabi/lib/thumb/v6-m/nofp\libcr_semihost_nf.a(_cr_assert.o)
                              ./drivers/fsl_adc16.o (__assertion_failed)
e:/nxp/mcuxpressoide_11.0.0_2516/ide/plugins/com.nxp.mcuxpresso.tools.win32_11.0.0.201905131304/tools/bin/../lib/gcc/arm-none-eabi/8.2.1/../../../../arm-none-eabi/lib/thumb/v6-m/nofp\libcr_semihost_nf.a(__ciob.o)
                              e:/nxp/mcuxpressoide_11.0.0_2516/ide/plugins/com.nxp.mcuxpresso.tools.win32_11.0.0.201905131304/tools/bin/../lib/gcc/arm-none-eabi/8.2.1/../../../../arm-none-eabi/lib/thumb/v6-m/nofp\libcr_semihost_nf.a(_cr_assert.o) (__Ciob)
e:/nxp/mcuxpressoide_11.0.0_2516/ide/plugins/com.nxp.mcuxpresso.tools.win32_11.0.0.201905131304/tools/bin/../lib/gcc/arm-none-eabi/8.2.1/../../../../arm-none-eabi/lib/thumb/v6-m/nofp\libcr_semihost_nf.a(__sys_appexit.o)
                              e:/nxp/mcuxpressoide_11.0.0_2516/ide/plugins/com.nxp.mcuxpresso.tools.win32_11.0.0.201905131304/tools/bin/../lib/gcc/arm-none-eabi/8.2.1/../../../../arm-none-eabi/lib/thumb/v6-m/nofp\libcr_semihost_nf.a(_cr_assert.o) (__sys_appexit)
e:/nxp/mcuxpressoide_11.0.0_2516/ide/plugins/com.nxp.mcuxpresso.tools.win32_11.0.0.201905131304/tools/bin/../lib/gcc/arm-none-eabi/8.2.1/../../../../arm-none-eabi/lib/thumb/v6-m/nofp\libcr_c.a(memcpy.o)
                              ./drivers/fsl_flash.o (memcpy)
e:/nxp/mcuxpressoide_11.0.0_2516/ide/plugins/com.nxp.mcuxpresso.tools.win32_11.0.0.201905131304/tools/bin/../lib/gcc/arm-none-eabi/8.2.1/../../../../arm-none-eabi/lib/thumb/v6-m/nofp\libcr_c.a(memset.o)
                              ./drivers/fsl_flash.o (memset)
e:/nxp/mcuxpressoide_11.0.0_2516/ide/plugins/com.nxp.mcuxpresso.tools.win32_11.0.0.201905131304/tools/bin/../lib/gcc/arm-none-eabi/8.2.1/../../../../arm-none-eabi/lib/thumb/v6-m/nofp\libcr_c.a(_deferredlazyseek.o)
                              e:/nxp/mcuxpressoide_11.0.0_2516/ide/plugins/com.nxp.mcuxpresso.tools.win32_11.0.0.201905131304/tools/bin/../lib/gcc/arm-none-eabi/8.2.1/../../../../arm-none-eabi/lib/thumb/v6-m/nofp\libcr_semihost_nf.a(_cr_assert.o) (__flsbuf)
e:/nxp/mcuxpressoide_11.0.0_2516/ide/plugins/com.nxp.mcuxpresso.tools.win32_11.0.0.201905131304/tools/bin/../lib/gcc/arm-none-eabi/8.2.1/../../../../arm-none-eabi/lib/thumb/v6-m/nofp\libcr_c.a(_fflush.o)
                              e:/nxp/mcuxpressoide_11.0.0_2516/ide/plugins/com.nxp.mcuxpresso.tools.win32_11.0.0.201905131304/tools/bin/../lib/gcc/arm-none-eabi/8.2.1/../../../../arm-none-eabi/lib/thumb/v6-m/nofp\libcr_c.a(_deferredlazyseek.o) (_fflush)
e:/nxp/mcuxpressoide_11.0.0_2516/ide/plugins/com.nxp.mcuxpresso.tools.win32_11.0.0.201905131304/tools/bin/../lib/gcc/arm-none-eabi/8.2.1/../../../../arm-none-eabi/lib/thumb/v6-m/nofp\libcr_c.a(_writebuf.o)
                              e:/nxp/mcuxpressoide_11.0.0_2516/ide/plugins/com.nxp.mcuxpresso.tools.win32_11.0.0.201905131304/tools/bin/../lib/gcc/arm-none-eabi/8.2.1/../../../../arm-none-eabi/lib/thumb/v6-m/nofp\libcr_c.a(_deferredlazyseek.o) (_Cwritebuf)
e:/nxp/mcuxpressoide_11.0.0_2516/ide/plugins/com.nxp.mcuxpresso.tools.win32_11.0.0.201905131304/tools/bin/../lib/gcc/arm-none-eabi/8.2.1/../../../../arm-none-eabi/lib/thumb/v6-m/nofp\libcr_c.a(alloc.o)
                              e:/nxp/mcuxpressoide_11.0.0_2516/ide/plugins/com.nxp.mcuxpresso.tools.win32_11.0.0.201905131304/tools/bin/../lib/gcc/arm-none-eabi/8.2.1/../../../../arm-none-eabi/lib/thumb/v6-m/nofp\libcr_c.a(_deferredlazyseek.o) (_Csys_alloc)
e:/nxp/mcuxpressoide_11.0.0_2516/ide/plugins/com.nxp.mcuxpresso.tools.win32_11.0.0.201905131304/tools/bin/../lib/gcc/arm-none-eabi/8.2.1/../../../../arm-none-eabi/lib/thumb/v6-m/nofp\libcr_c.a(atan.o)
                              ./chv_app/app.o (atan)
e:/nxp/mcuxpressoide_11.0.0_2516/ide/plugins/com.nxp.mcuxpresso.tools.win32_11.0.0.201905131304/tools/bin/../lib/gcc/arm-none-eabi/8.2.1/../../../../arm-none-eabi/lib/thumb/v6-m/nofp\libcr_c.a(fabs.o)
                              e:/nxp/mcuxpressoide_11.0.0_2516/ide/plugins/com.nxp.mcuxpresso.tools.win32_11.0.0.201905131304/tools/bin/../lib/gcc/arm-none-eabi/8.2.1/../../../../arm-none-eabi/lib/thumb/v6-m/nofp\libcr_c.a(atan.o) (fabs)
e:/nxp/mcuxpressoide_11.0.0_2516/ide/plugins/com.nxp.mcuxpresso.tools.win32_11.0.0.201905131304/tools/bin/../lib/gcc/arm-none-eabi/8.2.1/../../../../arm-none-eabi/lib/thumb/v6-m/nofp\libcr_c.a(fputs.o)
[...]
Memory Configuration

Name             Origin             Length             Attributes
PROGRAM_FLASH    0x00000000         0x00008000         xr
SRAM             0x1ffffe00         0x00000800         xrw
*default*        0x00000000         0xffffffff

Linker script and memory map

LOAD ./startup/startup_mkl03z4.o
LOAD ./source/MKL03Z16xxx4_Project.o
LOAD ./source/mtb.o
LOAD ./source/semihost_hardfault.o
LOAD ./drivers/fsl_adc16.o
LOAD ./drivers/fsl_clock.o
LOAD ./drivers/fsl_cmp.o
LOAD ./drivers/fsl_common.o
LOAD ./drivers/fsl_cop.o
LOAD ./drivers/fsl_flash.o
LOAD ./drivers/fsl_gpio.o
LOAD ./drivers/fsl_i2c.o
LOAD ./drivers/fsl_llwu.o
LOAD ./drivers/fsl_lptmr.o
LOAD ./drivers/fsl_lpuart.o
LOAD ./drivers/fsl_pmc.o
LOAD ./drivers/fsl_rcm.o
LOAD ./drivers/fsl_rtc.o
LOAD ./drivers/fsl_sim.o
LOAD ./drivers/fsl_smc.o
LOAD ./drivers/fsl_spi.o
LOAD ./drivers/fsl_tpm.o
LOAD ./drivers/fsl_vref.o
LOAD ./chv_drivers/accel.o
LOAD ./chv_drivers/adc.o
LOAD ./chv_drivers/led.o
LOAD ./chv_drivers/timer.o
LOAD ./chv_drivers/uart.o
LOAD ./chv_app/app.o
LOAD ./board/board.o
LOAD ./board/clock_config.o
LOAD ./board/peripherals.o
LOAD ./board/pin_mux.o
LOAD ./CMSIS/system_MKL03Z4.o
START GROUP
LOAD e:/nxp/mcuxpressoide_11.0.0_2516/ide/plugins/com.nxp.mcuxpresso.tools.win32_11.0.0.201905131304/tools/bin/../lib/gcc/arm-none-eabi/8.2.1/../../../../arm-none-eabi/lib/thumb/v6-m/nofp\libcr_semihost_nf.a
LOAD e:/nxp/mcuxpressoide_11.0.0_2516/ide/plugins/com.nxp.mcuxpresso.tools.win32_11.0.0.201905131304/tools/bin/../lib/gcc/arm-none-eabi/8.2.1/../../../../arm-none-eabi/lib/thumb/v6-m/nofp\libcr_c.a
LOAD e:/nxp/mcuxpressoide_11.0.0_2516/ide/plugins/com.nxp.mcuxpresso.tools.win32_11.0.0.201905131304/tools/bin/../lib/gcc/arm-none-eabi/8.2.1/thumb/v6-m/nofp\libcr_eabihelpers.a
LOAD e:/nxp/mcuxpressoide_11.0.0_2516/ide/plugins/com.nxp.mcuxpresso.tools.win32_11.0.0.201905131304/tools/bin/../lib/gcc/arm-none-eabi/8.2.1/thumb/v6-m/nofp\libgcc.a
END GROUP
                0x00000000                __base_PROGRAM_FLASH = 0x0
                0x00000000                __base_Flash = 0x0
                0x00008000                __top_PROGRAM_FLASH = 0x8000
                0x00008000                __top_Flash = 0x8000
                0x1ffffe00                __base_SRAM = 0x1ffffe00
                0x1ffffe00                __base_RAM = 0x1ffffe00
                0x20000600                __top_SRAM = 0x20000600
                0x20000600                __top_RAM = 0x20000600

.text           0x00000000     0x401c
 FILL mask 0xff
                0x00000000                __vectors_start__ = ABSOLUTE (.)
 *(SORT_BY_ALIGNMENT(.isr_vector))
 .isr_vector    0x00000000       0xc0 ./startup/startup_mkl03z4.o
                0x00000000                g_pfnVectors
                0x00000000                __Vectors
                0x000000c0                . = ALIGN (0x4)
                0x000000c0                __section_table_start = .
                0x000000c0                __data_section_table = .
                0x000000c0        0x4 LONG 0x401c LOADADDR (.data)
                0x000000c4        0x4 LONG 0x1ffffe80 ADDR (.data)
                0x000000c8        0x4 LONG 0xe8 SIZEOF (.data)
                0x000000cc                __data_section_table_end = .
                0x000000cc                __bss_section_table = .
                0x000000cc        0x4 LONG 0x1fffff68 ADDR (.bss)
                0x000000d0        0x4 LONG 0x13c SIZEOF (.bss)
                0x000000d4                __bss_section_table_end = .
                0x000000d4                __section_table_end = .
 *(SORT_BY_ALIGNMENT(.after_vectors*))
 .after_vectors.reset
                0x000000d4       0x4c ./startup/startup_mkl03z4.o
                0x000000d4                ResetISR
 .after_vectors.init_data
                0x00000120       0x12 ./startup/startup_mkl03z4.o
                0x00000120                data_init
 .after_vectors.init_bss
                0x00000132       0x10 ./startup/startup_mkl03z4.o
                0x00000132                bss_init
 .after_vectors
                0x00000142      0x10c ./startup/startup_mkl03z4.o
                0x00000142                NMI_Handler
                0x00000146                SVC_Handler
                0x00000148                PendSV_Handler
                0x0000014a                SysTick_Handler
                0x0000014c                PMC_DriverIRQHandler
                0x0000014c                PORTB_DriverIRQHandler
                0x0000014c                LPTMR0_DriverIRQHandler
                0x0000014c                Reserved43_DriverIRQHandler
                0x0000014c                Reserved39_DriverIRQHandler
                0x0000014c                Reserved18_DriverIRQHandler
                0x0000014c                Reserved42_DriverIRQHandler
                0x0000014c                CMP0_DriverIRQHandler
                0x0000014c                ADC0_DriverIRQHandler
                0x0000014c                Reserved27_DriverIRQHandler
                0x0000014c                RTC_Seconds_DriverIRQHandler
                0x0000014c                LLWU_DriverIRQHandler
                0x0000014c                Reserved29_DriverIRQHandler
                0x0000014c                Reserved16_DriverIRQHandler
                0x0000014c                Reserved17_DriverIRQHandler
                0x0000014c                FTFA_DriverIRQHandler
                0x0000014c                IntDefaultHandler
                0x0000014c                Reserved35_DriverIRQHandler
                0x0000014c                Reserved41_DriverIRQHandler
                0x0000014c                TPM0_DriverIRQHandler
                0x0000014c                Reserved25_DriverIRQHandler
                0x0000014c                Reserved19_DriverIRQHandler
                0x0000014c                Reserved20_DriverIRQHandler
                0x0000014c                RTC_DriverIRQHandler
                0x0000014c                Reserved38_DriverIRQHandler
                0x0000014c                Reserved40_DriverIRQHandler
                0x0000014c                Reserved45_DriverIRQHandler
                0x0000014c                Reserved30_DriverIRQHandler
                0x0000014c                TPM1_DriverIRQHandler
                0x0000014c                PORTA_DriverIRQHandler
                0x0000014e                Reserved16_IRQHandler
                0x00000156                Reserved17_IRQHandler
                0x0000015e                Reserved18_IRQHandler
                0x00000166                Reserved19_IRQHandler
                0x0000016e                Reserved20_IRQHandler
                0x00000176                FTFA_IRQHandler
                0x0000017e                PMC_IRQHandler
                0x00000186                LLWU_IRQHandler
                0x0000018e                I2C0_IRQHandler
                0x00000196                Reserved25_IRQHandler
                0x0000019e                SPI0_IRQHandler
                0x000001a6                Reserved27_IRQHandler
                0x000001ae                LPUART0_IRQHandler
                0x000001b6                Reserved29_IRQHandler
                0x000001be                Reserved30_IRQHandler
                0x000001ce                CMP0_IRQHandler
                0x000001de                TPM1_IRQHandler
                0x000001e6                Reserved35_IRQHandler
                0x000001ee                RTC_IRQHandler
                0x000001f6                RTC_Seconds_IRQHandler
                0x000001fe                Reserved38_IRQHandler
                0x00000206                Reserved39_IRQHandler
                0x0000020e                Reserved40_IRQHandler
                0x00000216                Reserved41_IRQHandler
                0x0000021e                Reserved42_IRQHandler
                0x00000226                Reserved43_IRQHandler
                0x00000236                Reserved45_IRQHandler
                0x0000023e                PORTA_IRQHandler
                0x00000400                . = 0x400
 *fill*         0x0000024e      0x1b2 ff
                0x00000400                PROVIDE (__FLASH_CONFIG_START__ = .)
 *(SORT_BY_ALIGNMENT(.FlashConfig))
 .FlashConfig   0x00000400       0x10 ./startup/startup_mkl03z4.o
                0x00000400                Flash_Config
                0x00000410                PROVIDE (__FLASH_CONFIG_END__ = .)
                0x00000001                ASSERT (! ((__FLASH_CONFIG_START__ == __FLASH_CONFIG_END__)), Linker Flash Config Support Enabled, but no .FlashConfig section provided within application)
 *(SORT_BY_ALIGNMENT(.text*))
 .text.HardFault_Handler
                0x00000410       0x30 ./source/semihost_hardfault.o
                0x00000410                HardFault_Handler
 .text.CLOCK_SetEr32kClock
                0x00000440       0x34 ./drivers/fsl_clock.o
 .text.CLOCK_GetLircClkFreq
                0x00000474       0x48 ./drivers/fsl_clock.o
 .text.CLOCK_GetOsc0ErClkFreq
                0x000004bc       0x3c ./drivers/fsl_clock.o
                0x000004bc                CLOCK_GetOsc0ErClkFreq
 .text.CLOCK_GetEr32kClkFreq
                0x000004f8       0x74 ./drivers/fsl_clock.o
                0x000004f8                CLOCK_GetEr32kClkFreq
 .text.CLOCK_GetFreq
                0x0000056c       0xc0 ./drivers/fsl_clock.o
                0x0000056c                CLOCK_GetFreq
 .text.CLOCK_SetSimConfig
                0x0000062c       0x2c ./drivers/fsl_clock.o
                0x0000062c                CLOCK_SetSimConfig
 .text.CLOCK_GetInternalRefClkFreq
                0x00000658       0x48 ./drivers/fsl_clock.o
                0x00000658                CLOCK_GetInternalRefClkFreq
 .text.CLOCK_GetPeriphClkFreq
                0x000006a0       0x34 ./drivers/fsl_clock.o
                0x000006a0                CLOCK_GetPeriphClkFreq
 .text.CLOCK_GetOutClkFreq
                0x000006d4       0x78 ./drivers/fsl_clock.o
                0x000006d4                CLOCK_GetOutClkFreq
 .text.CLOCK_SetMcgliteConfig
                0x0000074c      0x110 ./drivers/fsl_clock.o
                0x0000074c                CLOCK_SetMcgliteConfig
 .text.GPIO_GetInstance
                0x0000085c       0x4c ./drivers/fsl_gpio.o
 .text.GPIO_PortClearInterruptFlags
                0x000008a8       0x3c ./drivers/fsl_gpio.o
                0x000008a8                GPIO_PortClearInterruptFlags
 .text.__NVIC_EnableIRQ
                0x000008e4       0x34 ./drivers/fsl_i2c.o
 .text.CLOCK_EnableClock
                0x00000918       0x34 ./drivers/fsl_i2c.o
 .text.I2C_GetInstance
                0x0000094c       0x48 ./drivers/fsl_i2c.o
                0x0000094c                I2C_GetInstance
 .text.I2C_InitTransferStateMachine
                0x00000994       0xe8 ./drivers/fsl_i2c.o
 .text.I2C_CheckAndClearError
                0x00000a7c       0x40 ./drivers/fsl_i2c.o
 .text.I2C_MasterTransferRunStateMachine
                0x00000abc      0x264 ./drivers/fsl_i2c.o
 .text.I2C_TransferCommonIRQHandler
                0x00000d20       0x54 ./drivers/fsl_i2c.o
 .text.I2C_MasterInit
                0x00000d74       0xf4 ./drivers/fsl_i2c.o
                0x00000d74                I2C_MasterInit
 .text.I2C_MasterGetDefaultConfig
                0x00000e68       0x40 ./drivers/fsl_i2c.o
                0x00000e68                I2C_MasterGetDefaultConfig
 .text.I2C_MasterSetBaudRate
                0x00000ea8       0xf0 ./drivers/fsl_i2c.o
                0x00000ea8                I2C_MasterSetBaudRate
 .text.I2C_MasterStart
                0x00000f98       0x84 ./drivers/fsl_i2c.o
                0x00000f98                I2C_MasterStart
 .text.I2C_MasterRepeatedStart
                0x0000101c       0xcc ./drivers/fsl_i2c.o
                0x0000101c                I2C_MasterRepeatedStart
 .text.I2C_MasterTransferCreateHandle
                0x000010e8       0x70 ./drivers/fsl_i2c.o
                0x000010e8                I2C_MasterTransferCreateHandle
 .text.I2C_MasterTransferNonBlocking
                0x00001158       0x70 ./drivers/fsl_i2c.o
                0x00001158                I2C_MasterTransferNonBlocking
 .text.I2C_MasterTransferHandleIRQ
                0x000011c8       0xbc ./drivers/fsl_i2c.o
                0x000011c8                I2C_MasterTransferHandleIRQ
 .text.I2C0_DriverIRQHandler
                0x00001284       0x20 ./drivers/fsl_i2c.o
                0x00001284                I2C0_DriverIRQHandler
 .text.CLOCK_EnableClock
                0x000012a4       0x34 ./drivers/fsl_lptmr.o
 .text.LPTMR_GetInstance
                0x000012d8       0x48 ./drivers/fsl_lptmr.o
 .text.LPTMR_Init
                0x00001320       0x94 ./drivers/fsl_lptmr.o
                0x00001320                LPTMR_Init
 .text.LPTMR_GetDefaultConfig
                0x000013b4       0x4c ./drivers/fsl_lptmr.o
                0x000013b4                LPTMR_GetDefaultConfig
 .text.LPUART0_DriverIRQHandler
                0x00001400       0x24 ./drivers/fsl_lpuart.o
                0x00001400                LPUART0_DriverIRQHandler
 .text.SPI_CommonIRQHandler
                0x00001424       0x54 ./drivers/fsl_spi.o
 .text.SPI0_DriverIRQHandler
                0x00001478       0x30 ./drivers/fsl_spi.o
                0x00001478                SPI0_DriverIRQHandler
 .text.CLOCK_EnableClock
                0x000014a8       0x34 ./drivers/fsl_tpm.o
 .text.TPM_GetInstance
                0x000014dc       0x54 ./drivers/fsl_tpm.o
 .text.TPM_Init
                0x00001530       0xd0 ./drivers/fsl_tpm.o
                0x00001530                TPM_Init
 .text.TPM_GetDefaultConfig
                0x00001600       0x54 ./drivers/fsl_tpm.o
                0x00001600                TPM_GetDefaultConfig
 .text.__NVIC_EnableIRQ
                0x00001654       0x34 ./chv_drivers/accel.o
 .text.PORT_SetPinInterruptConfig
                0x00001688       0x40 ./chv_drivers/accel.o
 .text.i2c_master_callback
                0x000016c8       0x48 ./chv_drivers/accel.o
 .text.I2C_WriteAccelReg
                0x00001710       0xcc ./chv_drivers/accel.o
 .text.I2C_ReadAccelRegs
                0x000017dc       0xcc ./chv_drivers/accel.o
 .text.accel_process
                0x000018a8      0x178 ./chv_drivers/accel.o
                0x000018a8                accel_process
 .text.accel_init
                0x00001a20      0x110 ./chv_drivers/accel.o
                0x00001a20                accel_init
 .text.PORTB_IRQHandler
                0x00001b30       0x24 ./chv_drivers/accel.o
                0x00001b30                PORTB_IRQHandler
 .text.ADC16_GetChannelConversionValue
                0x00001b54       0x30 ./chv_drivers/adc.o
 .text.ADC0_IRQHandler
                0x00001b84       0x24 ./chv_drivers/adc.o
                0x00001b84                ADC0_IRQHandler
 .text.__NVIC_EnableIRQ
                0x00001ba8       0x34 ./chv_drivers/led.o
 .text.CLOCK_SetTpmClock
                0x00001bdc       0x38 ./chv_drivers/led.o
 .text.set_state
                0x00001c14       0xe4 ./chv_drivers/led.o
 .text.TPM0_IRQHandler
                0x00001cf8      0x110 ./chv_drivers/led.o
                0x00001cf8                TPM0_IRQHandler
 .text.led_init
                0x00001e08       0x88 ./chv_drivers/led.o
                0x00001e08                led_init
 .text.led_set_state
                0x00001e90       0x2c ./chv_drivers/led.o
                0x00001e90                led_set_state
 .text.led_all_off
                0x00001ebc       0x30 ./chv_drivers/led.o
                0x00001ebc                led_all_off
 .text.__NVIC_EnableIRQ
                0x00001eec       0x34 ./chv_drivers/timer.o
 .text.LPTMR_SetTimerPeriod
                0x00001f20       0x2c ./chv_drivers/timer.o
 .text.LPTMR0_IRQHandler
                0x00001f4c       0x30 ./chv_drivers/timer.o
                0x00001f4c                LPTMR0_IRQHandler
 .text.timer_init
                0x00001f7c       0x48 ./chv_drivers/timer.o
                0x00001f7c                timer_init
 .text.timer_get_system_time
                0x00001fc4       0x14 ./chv_drivers/timer.o
                0x00001fc4                timer_get_system_time
 .text.timer_delay
                0x00001fd8       0x48 ./chv_drivers/timer.o
                0x00001fd8                timer_delay
 .text.stoplight_mode
                0x00002020       0xcc ./chv_app/app.o
                0x00002020                stoplight_mode
 .text.blinky_mode
                0x000020ec       0x8c ./chv_app/app.o
 .text.accel_mode
                0x00002178       0xb8 ./chv_app/app.o
 .text.night_blinky_mode
                0x00002230       0xac ./chv_app/app.o
 .text.night_accel_mode
                0x000022dc       0xd0 ./chv_app/app.o
 .text.app_main
                0x000023ac      0x170 ./chv_app/app.o
                0x000023ac                app_main
 .text.CLOCK_SetSimSafeDivs
                0x0000251c       0x1c ./board/clock_config.o
 .text.BOARD_BootClockRUN
                0x00002538       0x34 ./board/clock_config.o
                0x00002538                BOARD_BootClockRUN
 .text.CLOCK_EnableClock
                0x0000256c       0x34 ./board/pin_mux.o
 .text.PORT_SetPinMux
                0x000025a0       0x40 ./board/pin_mux.o
 .text.BOARD_InitPins
                0x000025e0       0xd4 ./board/pin_mux.o
                0x000025e0                BOARD_InitPins
 .text.SystemInit
                0x000026b4       0x3c ./CMSIS/system_MKL03Z4.o
                0x000026b4                SystemInit
 .text.__assertion_failed
                0x000026f0       0x4c e:/nxp/mcuxpressoide_11.0.0_2516/ide/plugins/com.nxp.mcuxpresso.tools.win32_11.0.0.201905131304/tools/bin/../lib/gcc/arm-none-eabi/8.2.1/../../../../arm-none-eabi/lib/thumb/v6-m/nofp\libcr_semihost_nf.a(_cr_assert.o)
                0x000026f0                __assertion_failed
 .text.__sys_appexit
                0x0000273c        0xc e:/nxp/mcuxpressoide_11.0.0_2516/ide/plugins/com.nxp.mcuxpresso.tools.win32_11.0.0.201905131304/tools/bin/../lib/gcc/arm-none-eabi/8.2.1/../../../../arm-none-eabi/lib/thumb/v6-m/nofp\libcr_semihost_nf.a(__sys_appexit.o)
                0x0000273c                __sys_appexit
                0x0000273c                __exit
 .text._deferredlazyseek
                0x00002748       0x40 e:/nxp/mcuxpressoide_11.0.0_2516/ide/plugins/com.nxp.mcuxpresso.tools.win32_11.0.0.201905131304/tools/bin/../lib/gcc/arm-none-eabi/8.2.1/../../../../arm-none-eabi/lib/thumb/v6-m/nofp\libcr_c.a(_deferredlazyseek.o)
                0x00002748                _deferredlazyseek
 .text.__flsbuf
                0x00002788      0x14c e:/nxp/mcuxpressoide_11.0.0_2516/ide/plugins/com.nxp.mcuxpresso.tools.win32_11.0.0.201905131304/tools/bin/../lib/gcc/arm-none-eabi/8.2.1/../../../../arm-none-eabi/lib/thumb/v6-m/nofp\libcr_c.a(_deferredlazyseek.o)
                0x00002788                __flsbuf
 .text._fflush  0x000028d4       0x5c e:/nxp/mcuxpressoide_11.0.0_2516/ide/plugins/com.nxp.mcuxpresso.tools.win32_11.0.0.201905131304/tools/bin/../lib/gcc/arm-none-eabi/8.2.1/../../../../arm-none-eabi/lib/thumb/v6-m/nofp\libcr_c.a(_fflush.o)
                0x000028d4                _fflush
 .text._Cwritebuf
                0x00002930       0x68 e:/nxp/mcuxpressoide_11.0.0_2516/ide/plugins/com.nxp.mcuxpresso.tools.win32_11.0.0.201905131304/tools/bin/../lib/gcc/arm-none-eabi/8.2.1/../../../../arm-none-eabi/lib/thumb/v6-m/nofp\libcr_c.a(_writebuf.o)
                0x00002930                _Cwritebuf
 .text.malloc   0x00002998       0xcc e:/nxp/mcuxpressoide_11.0.0_2516/ide/plugins/com.nxp.mcuxpresso.tools.win32_11.0.0.201905131304/tools/bin/../lib/gcc/arm-none-eabi/8.2.1/../../../../arm-none-eabi/lib/thumb/v6-m/nofp\libcr_c.a(alloc.o)
                0x00002998                malloc
 .text._Csys_alloc
                0x00002a64       0x20 e:/nxp/mcuxpressoide_11.0.0_2516/ide/plugins/com.nxp.mcuxpresso.tools.win32_11.0.0.201905131304/tools/bin/../lib/gcc/arm-none-eabi/8.2.1/../../../../arm-none-eabi/lib/thumb/v6-m/nofp\libcr_c.a(alloc.o)
                0x00002a64                _Csys_alloc
 .text.fseek    0x00002a84       0xf0 e:/nxp/mcuxpressoide_11.0.0_2516/ide/plugins/com.nxp.mcuxpresso.tools.win32_11.0.0.201905131304/tools/bin/../lib/gcc/arm-none-eabi/8.2.1/../../../../arm-none-eabi/lib/thumb/v6-m/nofp\libcr_c.a(fseek.o)
                0x00002a84                fseek
 .text.ftell    0x00002b74       0x48 e:/nxp/mcuxpressoide_11.0.0_2516/ide/plugins/com.nxp.mcuxpresso.tools.win32_11.0.0.201905131304/tools/bin/../lib/gcc/arm-none-eabi/8.2.1/../../../../arm-none-eabi/lib/thumb/v6-m/nofp\libcr_c.a(ftell.o)
                0x00002b74                ftell
 .text._initio  0x00002bbc       0x7c e:/nxp/mcuxpressoide_11.0.0_2516/ide/plugins/com.nxp.mcuxpresso.tools.win32_11.0.0.201905131304/tools/bin/../lib/gcc/arm-none-eabi/8.2.1/../../../../arm-none-eabi/lib/thumb/v6-m/nofp\libcr_c.a(initio.o)
                0x00002bbc                _initio
 .text.setvbuf  0x00002c38       0x4c e:/nxp/mcuxpressoide_11.0.0_2516/ide/plugins/com.nxp.mcuxpresso.tools.win32_11.0.0.201905131304/tools/bin/../lib/gcc/arm-none-eabi/8.2.1/../../../../arm-none-eabi/lib/thumb/v6-m/nofp\libcr_c.a(setvbuf.o)
                0x00002c38                setvbuf
 .text.rand     0x00002c84       0x44 e:/nxp/mcuxpressoide_11.0.0_2516/ide/plugins/com.nxp.mcuxpresso.tools.win32_11.0.0.201905131304/tools/bin/../lib/gcc/arm-none-eabi/8.2.1/../../../../arm-none-eabi/lib/thumb/v6-m/nofp\libcr_c.a(stdlib.o)
                0x00002c84                rand
 .text._sbrk    0x00002cc8       0x40 e:/nxp/mcuxpressoide_11.0.0_2516/ide/plugins/com.nxp.mcuxpresso.tools.win32_11.0.0.201905131304/tools/bin/../lib/gcc/arm-none-eabi/8.2.1/../../../../arm-none-eabi/lib/thumb/v6-m/nofp\libcr_c.a(_cr_sbrk.o)
                0x00002cc8                _sbrk
 .text._fdopen  0x00002d08       0x74 e:/nxp/mcuxpressoide_11.0.0_2516/ide/plugins/com.nxp.mcuxpresso.tools.win32_11.0.0.201905131304/tools/bin/../lib/gcc/arm-none-eabi/8.2.1/../../../../arm-none-eabi/lib/thumb/v6-m/nofp\libcr_c.a(_fdopen.o)
                0x00002d08                _fdopen
 .text.fclose   0x00002d7c       0x5c e:/nxp/mcuxpressoide_11.0.0_2516/ide/plugins/com.nxp.mcuxpresso.tools.win32_11.0.0.201905131304/tools/bin/../lib/gcc/arm-none-eabi/8.2.1/../../../../arm-none-eabi/lib/thumb/v6-m/nofp\libcr_c.a(fclose.o)
                0x00002d7c                fclose
 .text.fflush   0x00002dd8       0x44 e:/nxp/mcuxpressoide_11.0.0_2516/ide/plugins/com.nxp.mcuxpresso.tools.win32_11.0.0.201905131304/tools/bin/../lib/gcc/arm-none-eabi/8.2.1/../../../../arm-none-eabi/lib/thumb/v6-m/nofp\libcr_c.a(fflush.o)
                0x00002dd8                fflush
 .text.strlen   0x00002e1c       0x58 e:/nxp/mcuxpressoide_11.0.0_2516/ide/plugins/com.nxp.mcuxpresso.tools.win32_11.0.0.201905131304/tools/bin/../lib/gcc/arm-none-eabi/8.2.1/../../../../arm-none-eabi/lib/thumb/v6-m/nofp\libcr_c.a(strlen.o)
                0x00002e1c                strlen
 .text.__check_heap_overflow
                0x00002e74       0x14 e:/nxp/mcuxpressoide_11.0.0_2516/ide/plugins/com.nxp.mcuxpresso.tools.win32_11.0.0.201905131304/tools/bin/../lib/gcc/arm-none-eabi/8.2.1/../../../../arm-none-eabi/lib/thumb/v6-m/nofp\libcr_c.a(_cr_check_heap.o)
                0x00002e74                __check_heap_overflow
 .text._do_fflush
                0x00002e88       0x44 e:/nxp/mcuxpressoide_11.0.0_2516/ide/plugins/com.nxp.mcuxpresso.tools.win32_11.0.0.201905131304/tools/bin/../lib/gcc/arm-none-eabi/8.2.1/../../../../arm-none-eabi/lib/thumb/v6-m/nofp\libcr_c.a(_do_fflush.o)
                0x00002e88                _do_fflush
 .text.main     0x00002ecc       0x28 ./source/MKL03Z16xxx4_Project.o
                0x00002ecc                main
 .text.EnableIRQ
                0x00002ef4       0x30 ./drivers/fsl_i2c.o
 .text.I2C_MasterClearStatusFlags
                0x00002f24       0x56 ./drivers/fsl_i2c.o
 .text.I2C_EnableInterrupts
                0x00002f7a       0x5c ./drivers/fsl_i2c.o
                0x00002f7a                I2C_EnableInterrupts
 .text.I2C_DisableInterrupts
                0x00002fd6       0x42 ./drivers/fsl_i2c.o
                0x00002fd6                I2C_DisableInterrupts
 .text.I2C_MasterStop
                0x00003018       0x36 ./drivers/fsl_i2c.o
                0x00003018                I2C_MasterStop
 .text.I2C_MasterGetStatusFlags
                0x0000304e       0x4a ./drivers/fsl_i2c.o
                0x0000304e                I2C_MasterGetStatusFlags
 .text.TPM_EnableInterrupts
                0x00003098       0x80 ./drivers/fsl_tpm.o
                0x00003098                TPM_EnableInterrupts
 .text.EnableIRQ
                0x00003118       0x30 ./chv_drivers/accel.o
 .text.GPIO_ClearPinsInterruptFlags
                0x00003148       0x1e ./chv_drivers/accel.o
 .text.EnableIRQ
                0x00003166       0x30 ./chv_drivers/led.o
 .text.GPIO_PinWrite
                0x00003196       0x34 ./chv_drivers/led.o
 .text.TPM_ClearStatusFlags
                0x000031ca       0x18 ./chv_drivers/led.o
 .text.TPM_SetTimerPeriod
                0x000031e2       0x18 ./chv_drivers/led.o
 .text.TPM_StartTimer
                0x000031fa       0x3a ./chv_drivers/led.o
 .text.EnableIRQ
                0x00003234       0x30 ./chv_drivers/timer.o
 .text.LPTMR_EnableInterrupts
                0x00003264       0x2e ./chv_drivers/timer.o
 .text.LPTMR_ClearStatusFlags
                0x00003292       0x1e ./chv_drivers/timer.o
 .text.LPTMR_StartTimer
                0x000032b0       0x2c ./chv_drivers/timer.o
 .text.night_on_mode
                0x000032dc       0x2a ./chv_app/app.o
 .text.blink_mode
                0x00003306       0x56 ./chv_app/app.o
 .text.BOARD_InitBootClocks
                0x0000335c        0xe ./board/clock_config.o
                0x0000335c                BOARD_InitBootClocks
 .text.BOARD_InitBootPeripherals
                0x0000336a        0xa ./board/peripherals.o
                0x0000336a                BOARD_InitBootPeripherals
 .text.BOARD_InitBootPins
                0x00003374        0xe ./board/pin_mux.o
                0x00003374                BOARD_InitBootPins
 .text.__main   0x00003382        0xc e:/nxp/mcuxpressoide_11.0.0_2516/ide/plugins/com.nxp.mcuxpresso.tools.win32_11.0.0.201905131304/tools/bin/../lib/gcc/arm-none-eabi/8.2.1/../../../../arm-none-eabi/lib/thumb/v6-m/nofp\libcr_semihost_nf.a(_cr__main.o)
                0x00003382                __CR_SEMIHOST
                0x00003382                __main
 .text.memset   0x0000338e        0x8 e:/nxp/mcuxpressoide_11.0.0_2516/ide/plugins/com.nxp.mcuxpresso.tools.win32_11.0.0.201905131304/tools/bin/../lib/gcc/arm-none-eabi/8.2.1/../../../../arm-none-eabi/lib/thumb/v6-m/nofp\libcr_c.a(memset.o)
                0x0000338e                memset
 .text.free     0x00003396       0x2c e:/nxp/mcuxpressoide_11.0.0_2516/ide/plugins/com.nxp.mcuxpresso.tools.win32_11.0.0.201905131304/tools/bin/../lib/gcc/arm-none-eabi/8.2.1/../../../../arm-none-eabi/lib/thumb/v6-m/nofp\libcr_c.a(alloc.o)
                0x00003396                free
 .text.fputs    0x000033c2       0x2e e:/nxp/mcuxpressoide_11.0.0_2516/ide/plugins/com.nxp.mcuxpresso.tools.win32_11.0.0.201905131304/tools/bin/../lib/gcc/arm-none-eabi/8.2.1/../../../../arm-none-eabi/lib/thumb/v6-m/nofp\libcr_c.a(fputs.o)
                0x000033c2                fputs
 .text.remove   0x000033f0       0x12 e:/nxp/mcuxpressoide_11.0.0_2516/ide/plugins/com.nxp.mcuxpresso.tools.win32_11.0.0.201905131304/tools/bin/../lib/gcc/arm-none-eabi/8.2.1/../../../../arm-none-eabi/lib/thumb/v6-m/nofp\libcr_c.a(remove.o)
                0x000033f0                remove
 .text.__aeabi_division_idivmod
                0x00003402       0x78 e:/nxp/mcuxpressoide_11.0.0_2516/ide/plugins/com.nxp.mcuxpresso.tools.win32_11.0.0.201905131304/tools/bin/../lib/gcc/arm-none-eabi/8.2.1/thumb/v6-m/nofp\libcr_eabihelpers.a(division_32.o)
                0x00003402                __aeabi_idivmod
                0x00003402                __aeabi_idiv
                0x00003408                __aeabi_uidivmod
                0x00003408                __aeabi_uidiv
 .text.__aeabi_division_idiv0
                0x0000347a        0x2 e:/nxp/mcuxpressoide_11.0.0_2516/ide/plugins/com.nxp.mcuxpresso.tools.win32_11.0.0.201905131304/tools/bin/../lib/gcc/arm-none-eabi/8.2.1/thumb/v6-m/nofp\libcr_eabihelpers.a(division_idiv0.o)
                0x0000347a                __aeabi_idiv0
 .text.__aeabi_memset_lowlevel
                0x0000347c       0x2a e:/nxp/mcuxpressoide_11.0.0_2516/ide/plugins/com.nxp.mcuxpresso.tools.win32_11.0.0.201905131304/tools/bin/../lib/gcc/arm-none-eabi/8.2.1/thumb/v6-m/nofp\libcr_eabihelpers.a(memcpy.o)
                0x0000347c                __aeabi_lowlevel_memset
 .text.__sys_close
                0x000034a6        0xc e:/nxp/mcuxpressoide_11.0.0_2516/ide/plugins/com.nxp.mcuxpresso.tools.win32_11.0.0.201905131304/tools/bin/../lib/gcc/arm-none-eabi/8.2.1/../../../../arm-none-eabi/lib/thumb/v6-m/nofp\libcr_semihost_nf.a(__sys_close.o)
                0x000034a6                __sys_close
 .text.__sys_flen
                0x000034b2        0xc e:/nxp/mcuxpressoide_11.0.0_2516/ide/plugins/com.nxp.mcuxpresso.tools.win32_11.0.0.201905131304/tools/bin/../lib/gcc/arm-none-eabi/8.2.1/../../../../arm-none-eabi/lib/thumb/v6-m/nofp\libcr_semihost_nf.a(__sys_flen.o)
                0x000034b2                __sys_flen
 .text.__sys_istty
                0x000034be        0xc e:/nxp/mcuxpressoide_11.0.0_2516/ide/plugins/com.nxp.mcuxpresso.tools.win32_11.0.0.201905131304/tools/bin/../lib/gcc/arm-none-eabi/8.2.1/../../../../arm-none-eabi/lib/thumb/v6-m/nofp\libcr_semihost_nf.a(__sys_istty.o)
                0x000034be                __sys_istty
 .text.__sys_remove
                0x000034ca        0xc e:/nxp/mcuxpressoide_11.0.0_2516/ide/plugins/com.nxp.mcuxpresso.tools.win32_11.0.0.201905131304/tools/bin/../lib/gcc/arm-none-eabi/8.2.1/../../../../arm-none-eabi/lib/thumb/v6-m/nofp\libcr_semihost_nf.a(__sys_remove.o)
                0x000034ca                __sys_remove
 .text.__sys_seek
                0x000034d6        0xc e:/nxp/mcuxpressoide_11.0.0_2516/ide/plugins/com.nxp.mcuxpresso.tools.win32_11.0.0.201905131304/tools/bin/../lib/gcc/arm-none-eabi/8.2.1/../../../../arm-none-eabi/lib/thumb/v6-m/nofp\libcr_semihost_nf.a(__sys_seek.o)
                0x000034d6                __sys_seek
 .text.__sys_tmpnam
                0x000034e2        0xc e:/nxp/mcuxpressoide_11.0.0_2516/ide/plugins/com.nxp.mcuxpresso.tools.win32_11.0.0.201905131304/tools/bin/../lib/gcc/arm-none-eabi/8.2.1/../../../../arm-none-eabi/lib/thumb/v6-m/nofp\libcr_semihost_nf.a(__sys_tmpnam.o)
                0x000034e2                __sys_tmpnam
 .text.__sys_write
                0x000034ee        0xc e:/nxp/mcuxpressoide_11.0.0_2516/ide/plugins/com.nxp.mcuxpresso.tools.win32_11.0.0.201905131304/tools/bin/../lib/gcc/arm-none-eabi/8.2.1/../../../../arm-none-eabi/lib/thumb/v6-m/nofp\libcr_semihost_nf.a(__sys_write.o)
                0x000034ee                __sys_write
 *(SORT_BY_ALIGNMENT(.rodata) SORT_BY_ALIGNMENT(.rodata.*) SORT_BY_ALIGNMENT(.constdata) SORT_BY_ALIGNMENT(.constdata.*))
 *fill*         0x000034fa        0x2 ff
 .rodata        0x000034fc       0xae ./drivers/fsl_clock.o
 *fill*         0x000035aa        0x2 ff
 .rodata.CLOCK_GetFreq
                0x000035ac       0x30 ./drivers/fsl_clock.o
 .rodata.lircFreqs.4740
                0x000035dc        0x8 ./drivers/fsl_clock.o
 .rodata.s_portBases
                0x000035e4        0x8 ./drivers/fsl_gpio.o
 .rodata.s_gpioBases
                0x000035ec        0x8 ./drivers/fsl_gpio.o
 .rodata        0x000035f4       0xc7 ./drivers/fsl_gpio.o
 *fill*         0x000036bb        0x1 ff
 .rodata.s_i2cDividerTable
                0x000036bc       0x80 ./drivers/fsl_i2c.o
 .rodata        0x0000373c      0x2fa ./drivers/fsl_i2c.o
 *fill*         0x00003a36        0x2 ff
 .rodata        0x00003a38       0x88 ./drivers/fsl_lptmr.o
 .rodata        0x00003ac0      0x1e7 ./drivers/fsl_spi.o
 *fill*         0x00003ca7        0x1 ff
 .rodata.s_tpmBases
                0x00003ca8        0x8 ./drivers/fsl_tpm.o
 .rodata.s_tpmClocks
                0x00003cb0        0x8 ./drivers/fsl_tpm.o
 .rodata        0x00003cb8      0x287 ./drivers/fsl_tpm.o
 *fill*         0x00003f3f        0x1 ff
 .rodata        0x00003f40       0x38 ./chv_drivers/adc.o
 .rodata.set_state
                0x00003f78       0x1c ./chv_drivers/led.o
 .rodata        0x00003f94       0x27 ./chv_drivers/timer.o
 *fill*         0x00003fbb        0x1 ff
 .rodata.app_main
                0x00003fbc       0x18 ./chv_app/app.o
 .rodata.mcgliteConfig_BOARD_BootClockRUN
                0x00003fd4        0x6 ./board/clock_config.o
                0x00003fd4                mcgliteConfig_BOARD_BootClockRUN
 *fill*         0x00003fda        0x2 ff
 .rodata.simConfig_BOARD_BootClockRUN
                0x00003fdc        0x8 ./board/clock_config.o
                0x00003fdc                simConfig_BOARD_BootClockRUN
 .rodata.__num_Ciob_streams
                0x00003fe4        0x4 e:/nxp/mcuxpressoide_11.0.0_2516/ide/plugins/com.nxp.mcuxpresso.tools.win32_11.0.0.201905131304/tools/bin/../lib/gcc/arm-none-eabi/8.2.1/../../../../arm-none-eabi/lib/thumb/v6-m/nofp\libcr_semihost_nf.a(__ciob.o)
                0x00003fe4                __num_Ciob_streams
 .rodata.__assertion_failed.str1.1
                0x00003fe8       0x15 e:/nxp/mcuxpressoide_11.0.0_2516/ide/plugins/com.nxp.mcuxpresso.tools.win32_11.0.0.201905131304/tools/bin/../lib/gcc/arm-none-eabi/8.2.1/../../../../arm-none-eabi/lib/thumb/v6-m/nofp\libcr_semihost_nf.a(_cr_assert.o)
 .rodata._Csys_alloc.str1.1
                0x00003ffd       0x18 e:/nxp/mcuxpressoide_11.0.0_2516/ide/plugins/com.nxp.mcuxpresso.tools.win32_11.0.0.201905131304/tools/bin/../lib/gcc/arm-none-eabi/8.2.1/../../../../arm-none-eabi/lib/thumb/v6-m/nofp\libcr_c.a(alloc.o)
 .rodata._initio.str1.1
                0x00004015        0x4 e:/nxp/mcuxpressoide_11.0.0_2516/ide/plugins/com.nxp.mcuxpresso.tools.win32_11.0.0.201905131304/tools/bin/../lib/gcc/arm-none-eabi/8.2.1/../../../../arm-none-eabi/lib/thumb/v6-m/nofp\libcr_c.a(initio.o)
                0x0000401c                . = ALIGN (0x4)
 *fill*         0x00004019        0x3 ff

.glue_7         0x0000401c        0x0
 .glue_7        0x0000401c        0x0 linker stubs

.glue_7t        0x0000401c        0x0
 .glue_7t       0x0000401c        0x0 linker stubs

.vfp11_veneer   0x0000401c        0x0
 .vfp11_veneer  0x0000401c        0x0 linker stubs

.v4_bx          0x0000401c        0x0
 .v4_bx         0x0000401c        0x0 linker stubs

.iplt           0x0000401c        0x0
 .iplt          0x0000401c        0x0 ./startup/startup_mkl03z4.o

.rel.dyn        0x0000401c        0x0
 .rel.iplt      0x0000401c        0x0 ./startup/startup_mkl03z4.o

.ARM.extab
 *(SORT_BY_ALIGNMENT(.ARM.extab*) SORT_BY_ALIGNMENT(.gnu.linkonce.armextab.*))
                0x0000401c                __exidx_start = .

.ARM.exidx
 *(SORT_BY_ALIGNMENT(.ARM.exidx*) SORT_BY_ALIGNMENT(.gnu.linkonce.armexidx.*))
                0x0000401c                __exidx_end = .
                0x0000401c                _etext = .

.mtb_buffer_default
                0x1ffffe00       0x80
 *(SORT_BY_ALIGNMENT(.mtb*))
 .mtb.$RAM1     0x1ffffe00       0x80 ./source/mtb.o
                0x1ffffe00                __mtb_buffer__

.uninit_RESERVED
                0x1ffffe80        0x0
                0x1ffffe80                . = ALIGN (0x4)
 *(SORT_BY_ALIGNMENT(.bss.$RESERVED*))
                0x1ffffe80                . = ALIGN (0x4)
                0x1ffffe80                _end_uninit_RESERVED = .

.data           0x1ffffe80       0xe8 load address 0x0000401c
 FILL mask 0xff
                0x1ffffe80                _data = .
 *(SORT_BY_ALIGNMENT(vtable))
 *(SORT_BY_ALIGNMENT(.ramfunc*))
 *(SORT_BY_ALIGNMENT(.data*))
 .data.SystemCoreClock
                0x1ffffe80        0x4 ./CMSIS/system_MKL03Z4.o
                0x1ffffe80                SystemCoreClock
 .data._random_j
                0x1ffffe84        0x4 e:/nxp/mcuxpressoide_11.0.0_2516/ide/plugins/com.nxp.mcuxpresso.tools.win32_11.0.0.201905131304/tools/bin/../lib/gcc/arm-none-eabi/8.2.1/../../../../arm-none-eabi/lib/thumb/v6-m/nofp\libcr_c.a(stdlib.o)
 .data._random_k
                0x1ffffe88        0x4 e:/nxp/mcuxpressoide_11.0.0_2516/ide/plugins/com.nxp.mcuxpresso.tools.win32_11.0.0.201905131304/tools/bin/../lib/gcc/arm-none-eabi/8.2.1/../../../../arm-none-eabi/lib/thumb/v6-m/nofp\libcr_c.a(stdlib.o)
 .data._random_number_seed
                0x1ffffe8c       0xdc e:/nxp/mcuxpressoide_11.0.0_2516/ide/plugins/com.nxp.mcuxpresso.tools.win32_11.0.0.201905131304/tools/bin/../lib/gcc/arm-none-eabi/8.2.1/../../../../arm-none-eabi/lib/thumb/v6-m/nofp\libcr_c.a(stdlib.o)
                0x1fffff68                . = ALIGN (0x4)
                0x1fffff68                _edata = .

.igot.plt       0x1fffff68        0x0 load address 0x00004104
 .igot.plt      0x1fffff68        0x0 ./startup/startup_mkl03z4.o

.bss            0x1fffff68      0x13c load address 0x00004104
                0x1fffff68                . = ALIGN (0x4)
                0x1fffff68                _bss = .
 *(SORT_BY_ALIGNMENT(.bss*))
 .bss.g_xtal0Freq
                0x1fffff68        0x4 ./drivers/fsl_clock.o
                0x1fffff68                g_xtal0Freq
 .bss.g_xtal32Freq
                0x1fffff6c        0x4 ./drivers/fsl_clock.o
                0x1fffff6c                g_xtal32Freq
 .bss.s_i2cHandle
                0x1fffff70        0x4 ./drivers/fsl_i2c.o
 .bss.s_i2cMasterIsr
                0x1fffff74        0x4 ./drivers/fsl_i2c.o
 .bss.s_i2cSlaveIsr
                0x1fffff78        0x4 ./drivers/fsl_i2c.o
 .bss.s_lpuartHandle
                0x1fffff7c        0x4 ./drivers/fsl_lpuart.o
 .bss.s_lpuartIsr
                0x1fffff80        0x4 ./drivers/fsl_lpuart.o
 .bss.s_spiHandle
                0x1fffff84        0x4 ./drivers/fsl_spi.o
 .bss.s_spiMasterIsr
                0x1fffff88        0x4 ./drivers/fsl_spi.o
 .bss.s_spiSlaveIsr
                0x1fffff8c        0x4 ./drivers/fsl_spi.o
 .bss.g_m_handle
                0x1fffff90       0x28 ./chv_drivers/accel.o
 .bss._conversion_result
                0x1fffffb8        0x4 ./chv_drivers/adc.o
 .bss._led_states
                0x1fffffbc        0x7 ./chv_drivers/led.o
 *fill*         0x1fffffc3        0x1 
 .bss._led_isr_states
                0x1fffffc4        0x7 ./chv_drivers/led.o
 *fill*         0x1fffffcb        0x1 
 .bss._led_isr_count
                0x1fffffcc        0x7 ./chv_drivers/led.o
 *fill*         0x1fffffd3        0x1 
 .bss._system_time
                0x1fffffd4        0x4 ./chv_drivers/timer.o
 .bss._timeout  0x1fffffd8        0x4 ./chv_app/app.o
 .bss.__Ciob    0x1fffffdc       0xb4 e:/nxp/mcuxpressoide_11.0.0_2516/ide/plugins/com.nxp.mcuxpresso.tools.win32_11.0.0.201905131304/tools/bin/../lib/gcc/arm-none-eabi/8.2.1/../../../../arm-none-eabi/lib/thumb/v6-m/nofp\libcr_semihost_nf.a(__ciob.o)
                0x1fffffdc                __Ciob
 .bss.__end_of_heap
                0x20000090        0x4 e:/nxp/mcuxpressoide_11.0.0_2516/ide/plugins/com.nxp.mcuxpresso.tools.win32_11.0.0.201905131304/tools/bin/../lib/gcc/arm-none-eabi/8.2.1/../../../../arm-none-eabi/lib/thumb/v6-m/nofp\libcr_c.a(__init_alloc.o)
                0x20000090                __end_of_heap
 .bss.__heaps   0x20000094        0x4 e:/nxp/mcuxpressoide_11.0.0_2516/ide/plugins/com.nxp.mcuxpresso.tools.win32_11.0.0.201905131304/tools/bin/../lib/gcc/arm-none-eabi/8.2.1/../../../../arm-none-eabi/lib/thumb/v6-m/nofp\libcr_c.a(__init_alloc.o)
                0x20000094                __heaps
 .bss.errno     0x20000098        0x4 e:/nxp/mcuxpressoide_11.0.0_2516/ide/plugins/com.nxp.mcuxpresso.tools.win32_11.0.0.201905131304/tools/bin/../lib/gcc/arm-none-eabi/8.2.1/../../../../arm-none-eabi/lib/thumb/v6-m/nofp\libcr_c.a(errno.o)
                0x20000098                errno
 .bss._completionFlag
                0x2000009c        0x1 ./chv_drivers/accel.o
 .bss._nakFlag  0x2000009d        0x1 ./chv_drivers/accel.o
 .bss._accel_interrupt
                0x2000009e        0x1 ./chv_drivers/accel.o
 .bss._mode     0x2000009f        0x1 ./chv_app/app.o
 .bss._sub_mode
                0x200000a0        0x1 ./chv_app/app.o
 *(SORT_BY_ALIGNMENT(COMMON))
                0x200000a4                . = ALIGN (0x4)
 *fill*         0x200000a1        0x3 
                0x200000a4                _ebss = .
                [!provide]                PROVIDE (end = .)

.noinit         0x200000a4        0x0 load address 0x00004104
                0x200000a4                . = ALIGN (0x4)
                0x200000a4                _noinit = .
 *(SORT_BY_ALIGNMENT(.noinit*))
                0x200000a4                . = ALIGN (0x4)
                0x200000a4                _end_noinit = .
                0x00000080                _HeapSize = 0x80

.heap           0x200000a4       0x80 load address 0x00004104
                0x200000a4                _pvHeapStart = .
                0x20000124                . = (. + _HeapSize)
 *fill*         0x200000a4       0x80 
                0x20000124                . = ALIGN (0x4)
                0x20000124                _pvHeapLimit = .
                0x00000080                _StackSize = 0x80

.heap2stackfill
                0x20000124       0x80 load address 0x00004104
                0x200001a4                . = (. + _StackSize)
 *fill*         0x20000124       0x80 

.stack          0x20000580        0x0
                0x20000580                _vStackBase = .
                0x20000580                . = ALIGN (0x4)
                0x20000600                _vStackTop = (. + _StackSize)
                0x00000000                _image_start = LOADADDR (.text)
                0x00004104                _image_end = (LOADADDR (.data) + SIZEOF (.data))
                0x00004104                _image_size = (_image_end - _image_start)
OUTPUT(MKL03Z16xxx4_Project.axf elf32-littlearm)

.debug_info     0x00000000     0xbb38
 .debug_info    0x00000000      0x4df ./startup/startup_mkl03z4.o
 .debug_info    0x000004df      0x455 ./source/MKL03Z16xxx4_Project.o
 .debug_info    0x00000934       0x53 ./source/mtb.o
 .debug_info    0x00000987       0x3c ./source/semihost_hardfault.o
 .debug_info    0x000009c3      0xbd1 ./drivers/fsl_clock.o
 .debug_info    0x00001594      0x839 ./drivers/fsl_gpio.o
 .debug_info    0x00001dcd     0x1a64 ./drivers/fsl_i2c.o
 .debug_info    0x00003831      0x6de ./drivers/fsl_lptmr.o
 .debug_info    0x00003f0f     0x155f ./drivers/fsl_lpuart.o
 .debug_info    0x0000546e     0x1448 ./drivers/fsl_spi.o
 .debug_info    0x000068b6      0xc42 ./drivers/fsl_tpm.o
 .debug_info    0x000074f8      0xe3e ./chv_drivers/accel.o
 .debug_info    0x00008336      0xa62 ./chv_drivers/adc.o
 .debug_info    0x00008d98      0xe6f ./chv_drivers/led.o
 .debug_info    0x00009c07      0xa40 ./chv_drivers/timer.o
 .debug_info    0x0000a647      0x62b ./chv_app/app.o
 .debug_info    0x0000ac72      0x745 ./board/clock_config.o
 .debug_info    0x0000b3b7       0x3c ./board/peripherals.o
 .debug_info    0x0000b3f3      0x332 ./board/pin_mux.o
 .debug_info    0x0000b725      0x413 ./CMSIS/system_MKL03Z4.o

.debug_abbrev   0x00000000     0x2695
 .debug_abbrev  0x00000000      0x18d ./startup/startup_mkl03z4.o
 .debug_abbrev  0x0000018d      0x11d ./source/MKL03Z16xxx4_Project.o
 .debug_abbrev  0x000002aa       0x46 ./source/mtb.o
 .debug_abbrev  0x000002f0       0x31 ./source/semihost_hardfault.o
 .debug_abbrev  0x00000321      0x2fc ./drivers/fsl_clock.o
 .debug_abbrev  0x0000061d      0x228 ./drivers/fsl_gpio.o
 .debug_abbrev  0x00000845      0x36a ./drivers/fsl_i2c.o
 .debug_abbrev  0x00000baf      0x1bd ./drivers/fsl_lptmr.o
 .debug_abbrev  0x00000d6c      0x2ff ./drivers/fsl_lpuart.o
 .debug_abbrev  0x0000106b      0x359 ./drivers/fsl_spi.o
 .debug_abbrev  0x000013c4      0x282 ./drivers/fsl_tpm.o
 .debug_abbrev  0x00001646      0x2c9 ./chv_drivers/accel.o
 .debug_abbrev  0x0000190f      0x213 ./chv_drivers/adc.o
 .debug_abbrev  0x00001b22      0x2bc ./chv_drivers/led.o
 .debug_abbrev  0x00001dde      0x27b ./chv_drivers/timer.o
 .debug_abbrev  0x00002059      0x1c9 ./chv_app/app.o
 .debug_abbrev  0x00002222      0x176 ./board/clock_config.o
 .debug_abbrev  0x00002398       0x31 ./board/peripherals.o
 .debug_abbrev  0x000023c9      0x176 ./board/pin_mux.o
 .debug_abbrev  0x0000253f      0x156 ./CMSIS/system_MKL03Z4.o

.debug_aranges  0x00000000      0xa10
 .debug_aranges
                0x00000000      0x160 ./startup/startup_mkl03z4.o
 .debug_aranges
                0x00000160       0x20 ./source/MKL03Z16xxx4_Project.o
 .debug_aranges
                0x00000180       0x18 ./source/mtb.o
 .debug_aranges
                0x00000198       0x20 ./source/semihost_hardfault.o
 .debug_aranges
                0x000001b8       0xb0 ./drivers/fsl_clock.o
 .debug_aranges
                0x00000268       0x78 ./drivers/fsl_gpio.o
 .debug_aranges
                0x000002e0      0x170 ./drivers/fsl_i2c.o
 .debug_aranges
                0x00000450       0x48 ./drivers/fsl_lptmr.o
 .debug_aranges
                0x00000498      0x118 ./drivers/fsl_lpuart.o
 .debug_aranges
                0x000005b0      0x130 ./drivers/fsl_spi.o
 .debug_aranges
                0x000006e0       0x88 ./drivers/fsl_tpm.o
 .debug_aranges
                0x00000768       0x68 ./chv_drivers/accel.o
 .debug_aranges
                0x000007d0       0x50 ./chv_drivers/adc.o
 .debug_aranges
                0x00000820       0x78 ./chv_drivers/led.o
 .debug_aranges
                0x00000898       0x68 ./chv_drivers/timer.o
 .debug_aranges
                0x00000900       0x60 ./chv_app/app.o
 .debug_aranges
                0x00000960       0x30 ./board/clock_config.o
 .debug_aranges
                0x00000990       0x20 ./board/peripherals.o
 .debug_aranges
                0x000009b0       0x38 ./board/pin_mux.o
 .debug_aranges
                0x000009e8       0x28 ./CMSIS/system_MKL03Z4.o

.debug_ranges   0x00000000      0x8c8
 .debug_ranges  0x00000000      0x150 ./startup/startup_mkl03z4.o
 .debug_ranges  0x00000150       0x10 ./source/MKL03Z16xxx4_Project.o
 .debug_ranges  0x00000160       0x10 ./source/semihost_hardfault.o
 .debug_ranges  0x00000170       0xa0 ./drivers/fsl_clock.o
 .debug_ranges  0x00000210       0x68 ./drivers/fsl_gpio.o
 .debug_ranges  0x00000278      0x160 ./drivers/fsl_i2c.o
 .debug_ranges  0x000003d8       0x38 ./drivers/fsl_lptmr.o
 .debug_ranges  0x00000410      0x108 ./drivers/fsl_lpuart.o
 .debug_ranges  0x00000518      0x120 ./drivers/fsl_spi.o
 .debug_ranges  0x00000638       0x78 ./drivers/fsl_tpm.o
 .debug_ranges  0x000006b0       0x58 ./chv_drivers/accel.o
 .debug_ranges  0x00000708       0x40 ./chv_drivers/adc.o
 .debug_ranges  0x00000748       0x68 ./chv_drivers/led.o
 .debug_ranges  0x000007b0       0x58 ./chv_drivers/timer.o
 .debug_ranges  0x00000808       0x50 ./chv_app/app.o
 .debug_ranges  0x00000858       0x20 ./board/clock_config.o
 .debug_ranges  0x00000878       0x10 ./board/peripherals.o
 .debug_ranges  0x00000888       0x28 ./board/pin_mux.o
 .debug_ranges  0x000008b0       0x18 ./CMSIS/system_MKL03Z4.o

.debug_macro    0x00000000     0x7356
 .debug_macro   0x00000000       0x29 ./startup/startup_mkl03z4.o
 .debug_macro   0x00000029      0xaa8 ./startup/startup_mkl03z4.o
 .debug_macro   0x00000ad1      0x168 ./source/MKL03Z16xxx4_Project.o
 .debug_macro   0x00000c39       0x10 ./source/MKL03Z16xxx4_Project.o
 .debug_macro   0x00000c49      0x12e ./source/MKL03Z16xxx4_Project.o
 .debug_macro   0x00000d77       0xd8 ./source/MKL03Z16xxx4_Project.o
 .debug_macro   0x00000e4f       0x10 ./source/MKL03Z16xxx4_Project.o
 .debug_macro   0x00000e5f       0x16 ./source/MKL03Z16xxx4_Project.o
 .debug_macro   0x00000e75       0x22 ./source/MKL03Z16xxx4_Project.o
 .debug_macro   0x00000e97      0x5b3 ./source/MKL03Z16xxx4_Project.o
 .debug_macro   0x0000144a       0x10 ./source/MKL03Z16xxx4_Project.o
 .debug_macro   0x0000145a       0x3f ./source/MKL03Z16xxx4_Project.o
 .debug_macro   0x00001499       0x1c ./source/MKL03Z16xxx4_Project.o
 .debug_macro   0x000014b5       0x22 ./source/MKL03Z16xxx4_Project.o
 .debug_macro   0x000014d7       0xaf ./source/MKL03Z16xxx4_Project.o
 .debug_macro   0x00001586      0x37c ./source/MKL03Z16xxx4_Project.o
 .debug_macro   0x00001902       0x3a ./source/MKL03Z16xxx4_Project.o
 .debug_macro   0x0000193c     0x344c ./source/MKL03Z16xxx4_Project.o
 .debug_macro   0x00004d88     0x11c5 ./source/MKL03Z16xxx4_Project.o
 .debug_macro   0x00005f4d       0x46 ./source/MKL03Z16xxx4_Project.o
 .debug_macro   0x00005f93       0xac ./source/MKL03Z16xxx4_Project.o
 .debug_macro   0x0000603f       0x5f ./source/MKL03Z16xxx4_Project.o
 .debug_macro   0x0000609e       0x6a ./source/MKL03Z16xxx4_Project.o
 .debug_macro   0x00006108       0x2f ./source/mtb.o
 .debug_macro   0x00006137       0x82 ./source/mtb.o
 .debug_macro   0x000061b9       0x10 ./source/mtb.o
 .debug_macro   0x000061c9       0x11 ./source/semihost_hardfault.o
 .debug_macro   0x000061da      0x121 ./drivers/fsl_clock.o
 .debug_macro   0x000062fb       0xef ./drivers/fsl_gpio.o
 .debug_macro   0x000063ea       0xee ./drivers/fsl_i2c.o
 .debug_macro   0x000064d8       0x16 ./drivers/fsl_i2c.o
 .debug_macro   0x000064ee       0xef ./drivers/fsl_lptmr.o
 .debug_macro   0x000065dd       0xef ./drivers/fsl_lpuart.o
 .debug_macro   0x000066cc       0xee ./drivers/fsl_spi.o
 .debug_macro   0x000067ba       0x10 ./drivers/fsl_spi.o
 .debug_macro   0x000067ca       0xf5 ./drivers/fsl_tpm.o
 .debug_macro   0x000068bf      0x170 ./chv_drivers/accel.o
 .debug_macro   0x00006a2f       0x64 ./chv_drivers/accel.o
 .debug_macro   0x00006a93       0x1c ./chv_drivers/accel.o
 .debug_macro   0x00006aaf       0x10 ./chv_drivers/accel.o
 .debug_macro   0x00006abf       0x10 ./chv_drivers/accel.o
 .debug_macro   0x00006acf      0x10a ./chv_drivers/adc.o
 .debug_macro   0x00006bd9       0x10 ./chv_drivers/adc.o
 .debug_macro   0x00006be9      0x131 ./chv_drivers/led.o
 .debug_macro   0x00006d1a       0x10 ./chv_drivers/led.o
 .debug_macro   0x00006d2a      0x13e ./chv_drivers/timer.o
 .debug_macro   0x00006e68       0x10 ./chv_drivers/timer.o
 .debug_macro   0x00006e78      0x153 ./chv_app/app.o
 .debug_macro   0x00006fcb       0xc4 ./chv_app/app.o
 .debug_macro   0x0000708f       0x22 ./chv_app/app.o
 .debug_macro   0x000070b1      0x101 ./board/clock_config.o
 .debug_macro   0x000071b2       0x1b ./board/peripherals.o
 .debug_macro   0x000071cd       0xf2 ./board/pin_mux.o
 .debug_macro   0x000072bf       0x97 ./CMSIS/system_MKL03Z4.o

.debug_line     0x00000000     0x67a9
 .debug_line    0x00000000      0x1e7 ./startup/startup_mkl03z4.o
 .debug_line    0x000001e7      0x32a ./source/MKL03Z16xxx4_Project.o
 .debug_line    0x00000511       0xd1 ./source/mtb.o
 .debug_line    0x000005e2       0x5a ./source/semihost_hardfault.o
 .debug_line    0x0000063c      0x6f2 ./drivers/fsl_clock.o
 .debug_line    0x00000d2e      0x476 ./drivers/fsl_gpio.o
 .debug_line    0x000011a4     0x137e ./drivers/fsl_i2c.o
 .debug_line    0x00002522      0x395 ./drivers/fsl_lptmr.o
 .debug_line    0x000028b7      0xd0d ./drivers/fsl_lpuart.o
 .debug_line    0x000035c4      0xacd ./drivers/fsl_spi.o
 .debug_line    0x00004091      0x71d ./drivers/fsl_tpm.o
 .debug_line    0x000047ae      0x576 ./chv_drivers/accel.o
 .debug_line    0x00004d24      0x380 ./chv_drivers/adc.o
 .debug_line    0x000050a4      0x4c3 ./chv_drivers/led.o
 .debug_line    0x00005567      0x3f8 ./chv_drivers/timer.o
 .debug_line    0x0000595f      0x5ae ./chv_app/app.o
 .debug_line    0x00005f0d      0x2be ./board/clock_config.o
 .debug_line    0x000061cb       0x5c ./board/peripherals.o
 .debug_line    0x00006227      0x2fe ./board/pin_mux.o
 .debug_line    0x00006525      0x284 ./CMSIS/system_MKL03Z4.o

.debug_str      0x00000000    0x2a651
 .debug_str     0x00000000     0x31fa ./startup/startup_mkl03z4.o
                               0x321f (size before relaxing)
 .debug_str     0x000031fa    0x218e0 ./source/MKL03Z16xxx4_Project.o
                              0x24884 (size before relaxing)
 .debug_str     0x00024ada      0x532 ./source/mtb.o
                               0x32d9 (size before relaxing)
 .debug_str     0x0002500c       0x1f ./source/semihost_hardfault.o
                               0x2dc6 (size before relaxing)
 .debug_str     0x0002502b      0xc79 ./drivers/fsl_clock.o
                              0x24eb6 (size before relaxing)
 .debug_str     0x00025ca4      0x1e5 ./drivers/fsl_gpio.o
                              0x24702 (size before relaxing)
 .debug_str     0x00025e89      0xfbd ./drivers/fsl_i2c.o
                              0x2559d (size before relaxing)
 .debug_str     0x00026e46      0x4e7 ./drivers/fsl_lptmr.o
                              0x24a84 (size before relaxing)
 .debug_str     0x0002732d      0xd18 ./drivers/fsl_lpuart.o
                              0x25650 (size before relaxing)
 .debug_str     0x00028045      0x7b8 ./drivers/fsl_spi.o
                              0x25174 (size before relaxing)
 .debug_str     0x000287fd      0x8af ./drivers/fsl_tpm.o
                              0x24f3a (size before relaxing)
 .debug_str     0x000290ac      0x376 ./chv_drivers/accel.o
                              0x25572 (size before relaxing)
 .debug_str     0x00029422      0x546 ./chv_drivers/adc.o
                              0x2529b (size before relaxing)
 .debug_str     0x00029968      0x215 ./chv_drivers/led.o
                              0x25537 (size before relaxing)
 .debug_str     0x00029b7d      0x202 ./chv_drivers/timer.o
                              0x253c1 (size before relaxing)
 .debug_str     0x00029d7f      0x621 ./chv_app/app.o
                              0x25111 (size before relaxing)
 .debug_str     0x0002a3a0       0xcf ./board/clock_config.o
                              0x2498f (size before relaxing)
 .debug_str     0x0002a46f       0x31 ./board/peripherals.o
                               0x2dd7 (size before relaxing)
 .debug_str     0x0002a4a0      0x14d ./board/pin_mux.o
                              0x241f8 (size before relaxing)
 .debug_str     0x0002a5ed       0x64 ./CMSIS/system_MKL03Z4.o
                              0x235f9 (size before relaxing)

.comment        0x00000000       0x75
 .comment       0x00000000       0x75 ./startup/startup_mkl03z4.o
                                 0x76 (size before relaxing)
 .comment       0x00000075       0x76 ./source/MKL03Z16xxx4_Project.o
 .comment       0x00000075       0x76 ./source/mtb.o
 .comment       0x00000075       0x76 ./source/semihost_hardfault.o
 .comment       0x00000075       0x76 ./drivers/fsl_clock.o
 .comment       0x00000075       0x76 ./drivers/fsl_gpio.o
 .comment       0x00000075       0x76 ./drivers/fsl_i2c.o
 .comment       0x00000075       0x76 ./drivers/fsl_lptmr.o
 .comment       0x00000075       0x76 ./drivers/fsl_lpuart.o
 .comment       0x00000075       0x76 ./drivers/fsl_spi.o
 .comment       0x00000075       0x76 ./drivers/fsl_tpm.o
 .comment       0x00000075       0x76 ./chv_drivers/accel.o
 .comment       0x00000075       0x76 ./chv_drivers/adc.o
 .comment       0x00000075       0x76 ./chv_drivers/led.o
 .comment       0x00000075       0x76 ./chv_drivers/timer.o
 .comment       0x00000075       0x76 ./chv_app/app.o
 .comment       0x00000075       0x76 ./board/clock_config.o
 .comment       0x00000075       0x76 ./board/peripherals.o
 .comment       0x00000075       0x76 ./board/pin_mux.o
 .comment       0x00000075       0x76 ./CMSIS/system_MKL03Z4.o
 .comment       0x00000075       0x76 e:/nxp/mcuxpressoide_11.0.0_2516/ide/plugins/com.nxp.mcuxpresso.tools.win32_11.0.0.201905131304/tools/bin/../lib/gcc/arm-none-eabi/8.2.1/../../../../arm-none-eabi/lib/thumb/v6-m/nofp\libcr_semihost_nf.a(_cr__main.o)
 .comment       0x00000075       0x76 e:/nxp/mcuxpressoide_11.0.0_2516/ide/plugins/com.nxp.mcuxpresso.tools.win32_11.0.0.201905131304/tools/bin/../lib/gcc/arm-none-eabi/8.2.1/../../../../arm-none-eabi/lib/thumb/v6-m/nofp\libcr_semihost_nf.a(_cr_assert.o)
 .comment       0x00000075       0x76 e:/nxp/mcuxpressoide_11.0.0_2516/ide/plugins/com.nxp.mcuxpresso.tools.win32_11.0.0.201905131304/tools/bin/../lib/gcc/arm-none-eabi/8.2.1/../../../../arm-none-eabi/lib/thumb/v6-m/nofp\libcr_semihost_nf.a(__ciob.o)
 .comment       0x00000075       0x76 e:/nxp/mcuxpressoide_11.0.0_2516/ide/plugins/com.nxp.mcuxpresso.tools.win32_11.0.0.201905131304/tools/bin/../lib/gcc/arm-none-eabi/8.2.1/../../../../arm-none-eabi/lib/thumb/v6-m/nofp\libcr_c.a(memset.o)
 .comment       0x00000075       0x76 e:/nxp/mcuxpressoide_11.0.0_2516/ide/plugins/com.nxp.mcuxpresso.tools.win32_11.0.0.201905131304/tools/bin/../lib/gcc/arm-none-eabi/8.2.1/../../../../arm-none-eabi/lib/thumb/v6-m/nofp\libcr_c.a(_deferredlazyseek.o)
 .comment       0x00000075       0x76 e:/nxp/mcuxpressoide_11.0.0_2516/ide/plugins/com.nxp.mcuxpresso.tools.win32_11.0.0.201905131304/tools/bin/../lib/gcc/arm-none-eabi/8.2.1/../../../../arm-none-eabi/lib/thumb/v6-m/nofp\libcr_c.a(_fflush.o)
 .comment       0x00000075       0x76 e:/nxp/mcuxpressoide_11.0.0_2516/ide/plugins/com.nxp.mcuxpresso.tools.win32_11.0.0.201905131304/tools/bin/../lib/gcc/arm-none-eabi/8.2.1/../../../../arm-none-eabi/lib/thumb/v6-m/nofp\libcr_c.a(_writebuf.o)
 .comment       0x00000075       0x76 e:/nxp/mcuxpressoide_11.0.0_2516/ide/plugins/com.nxp.mcuxpresso.tools.win32_11.0.0.201905131304/tools/bin/../lib/gcc/arm-none-eabi/8.2.1/../../../../arm-none-eabi/lib/thumb/v6-m/nofp\libcr_c.a(alloc.o)
 .comment       0x00000075       0x76 e:/nxp/mcuxpressoide_11.0.0_2516/ide/plugins/com.nxp.mcuxpresso.tools.win32_11.0.0.201905131304/tools/bin/../lib/gcc/arm-none-eabi/8.2.1/../../../../arm-none-eabi/lib/thumb/v6-m/nofp\libcr_c.a(fputs.o)
 .comment       0x00000075       0x76 e:/nxp/mcuxpressoide_11.0.0_2516/ide/plugins/com.nxp.mcuxpresso.tools.win32_11.0.0.201905131304/tools/bin/../lib/gcc/arm-none-eabi/8.2.1/../../../../arm-none-eabi/lib/thumb/v6-m/nofp\libcr_c.a(fseek.o)
 .comment       0x00000075       0x76 e:/nxp/mcuxpressoide_11.0.0_2516/ide/plugins/com.nxp.mcuxpresso.tools.win32_11.0.0.201905131304/tools/bin/../lib/gcc/arm-none-eabi/8.2.1/../../../../arm-none-eabi/lib/thumb/v6-m/nofp\libcr_c.a(ftell.o)
 .comment       0x00000075       0x76 e:/nxp/mcuxpressoide_11.0.0_2516/ide/plugins/com.nxp.mcuxpresso.tools.win32_11.0.0.201905131304/tools/bin/../lib/gcc/arm-none-eabi/8.2.1/../../../../arm-none-eabi/lib/thumb/v6-m/nofp\libcr_c.a(initio.o)
 .comment       0x00000075       0x76 e:/nxp/mcuxpressoide_11.0.0_2516/ide/plugins/com.nxp.mcuxpresso.tools.win32_11.0.0.201905131304/tools/bin/../lib/gcc/arm-none-eabi/8.2.1/../../../../arm-none-eabi/lib/thumb/v6-m/nofp\libcr_c.a(setvbuf.o)
 .comment       0x00000075       0x76 e:/nxp/mcuxpressoide_11.0.0_2516/ide/plugins/com.nxp.mcuxpresso.tools.win32_11.0.0.201905131304/tools/bin/../lib/gcc/arm-none-eabi/8.2.1/../../../../arm-none-eabi/lib/thumb/v6-m/nofp\libcr_c.a(stdlib.o)
 .comment       0x00000075       0x76 e:/nxp/mcuxpressoide_11.0.0_2516/ide/plugins/com.nxp.mcuxpresso.tools.win32_11.0.0.201905131304/tools/bin/../lib/gcc/arm-none-eabi/8.2.1/../../../../arm-none-eabi/lib/thumb/v6-m/nofp\libcr_c.a(__init_alloc.o)
 .comment       0x00000075       0x76 e:/nxp/mcuxpressoide_11.0.0_2516/ide/plugins/com.nxp.mcuxpresso.tools.win32_11.0.0.201905131304/tools/bin/../lib/gcc/arm-none-eabi/8.2.1/../../../../arm-none-eabi/lib/thumb/v6-m/nofp\libcr_c.a(_cr_sbrk.o)
 .comment       0x00000075       0x76 e:/nxp/mcuxpressoide_11.0.0_2516/ide/plugins/com.nxp.mcuxpresso.tools.win32_11.0.0.201905131304/tools/bin/../lib/gcc/arm-none-eabi/8.2.1/../../../../arm-none-eabi/lib/thumb/v6-m/nofp\libcr_c.a(_fdopen.o)
 .comment       0x00000075       0x76 e:/nxp/mcuxpressoide_11.0.0_2516/ide/plugins/com.nxp.mcuxpresso.tools.win32_11.0.0.201905131304/tools/bin/../lib/gcc/arm-none-eabi/8.2.1/../../../../arm-none-eabi/lib/thumb/v6-m/nofp\libcr_c.a(errno.o)
 .comment       0x00000075       0x76 e:/nxp/mcuxpressoide_11.0.0_2516/ide/plugins/com.nxp.mcuxpresso.tools.win32_11.0.0.201905131304/tools/bin/../lib/gcc/arm-none-eabi/8.2.1/../../../../arm-none-eabi/lib/thumb/v6-m/nofp\libcr_c.a(fclose.o)
 .comment       0x00000075       0x76 e:/nxp/mcuxpressoide_11.0.0_2516/ide/plugins/com.nxp.mcuxpresso.tools.win32_11.0.0.201905131304/tools/bin/../lib/gcc/arm-none-eabi/8.2.1/../../../../arm-none-eabi/lib/thumb/v6-m/nofp\libcr_c.a(fflush.o)
 .comment       0x00000075       0x76 e:/nxp/mcuxpressoide_11.0.0_2516/ide/plugins/com.nxp.mcuxpresso.tools.win32_11.0.0.201905131304/tools/bin/../lib/gcc/arm-none-eabi/8.2.1/../../../../arm-none-eabi/lib/thumb/v6-m/nofp\libcr_c.a(remove.o)
 .comment       0x00000075       0x76 e:/nxp/mcuxpressoide_11.0.0_2516/ide/plugins/com.nxp.mcuxpresso.tools.win32_11.0.0.201905131304/tools/bin/../lib/gcc/arm-none-eabi/8.2.1/../../../../arm-none-eabi/lib/thumb/v6-m/nofp\libcr_c.a(strlen.o)
 .comment       0x00000075       0x76 e:/nxp/mcuxpressoide_11.0.0_2516/ide/plugins/com.nxp.mcuxpresso.tools.win32_11.0.0.201905131304/tools/bin/../lib/gcc/arm-none-eabi/8.2.1/../../../../arm-none-eabi/lib/thumb/v6-m/nofp\libcr_c.a(_cr_check_heap.o)
 .comment       0x00000075       0x76 e:/nxp/mcuxpressoide_11.0.0_2516/ide/plugins/com.nxp.mcuxpresso.tools.win32_11.0.0.201905131304/tools/bin/../lib/gcc/arm-none-eabi/8.2.1/../../../../arm-none-eabi/lib/thumb/v6-m/nofp\libcr_c.a(_do_fflush.o)

.ARM.attributes
                0x00000000       0x2a
 .ARM.attributes
                0x00000000       0x2c ./startup/startup_mkl03z4.o
 .ARM.attributes
                0x0000002c       0x2c ./source/MKL03Z16xxx4_Project.o
 .ARM.attributes
                0x00000058       0x32 ./source/mtb.o
 .ARM.attributes
                0x0000008a       0x2c ./source/semihost_hardfault.o
 .ARM.attributes
                0x000000b6       0x2c ./drivers/fsl_clock.o
 .ARM.attributes
                0x000000e2       0x2c ./drivers/fsl_gpio.o
 .ARM.attributes
                0x0000010e       0x2c ./drivers/fsl_i2c.o
 .ARM.attributes
                0x0000013a       0x2c ./drivers/fsl_lptmr.o
 .ARM.attributes
                0x00000166       0x2c ./drivers/fsl_lpuart.o
 .ARM.attributes
                0x00000192       0x2c ./drivers/fsl_spi.o
 .ARM.attributes
                0x000001be       0x2c ./drivers/fsl_tpm.o
 .ARM.attributes
                0x000001ea       0x2c ./chv_drivers/accel.o
 .ARM.attributes
                0x00000216       0x2c ./chv_drivers/adc.o
 .ARM.attributes
                0x00000242       0x2c ./chv_drivers/led.o
 .ARM.attributes
                0x0000026e       0x2c ./chv_drivers/timer.o
 .ARM.attributes
                0x0000029a       0x2c ./chv_app/app.o
 .ARM.attributes
                0x000002c6       0x2c ./board/clock_config.o
 .ARM.attributes
                0x000002f2       0x2c ./board/peripherals.o
 .ARM.attributes
                0x0000031e       0x2c ./board/pin_mux.o
 .ARM.attributes
                0x0000034a       0x2c ./CMSIS/system_MKL03Z4.o
 .ARM.attributes
                0x00000376       0x2c e:/nxp/mcuxpressoide_11.0.0_2516/ide/plugins/com.nxp.mcuxpresso.tools.win32_11.0.0.201905131304/tools/bin/../lib/gcc/arm-none-eabi/8.2.1/../../../../arm-none-eabi/lib/thumb/v6-m/nofp\libcr_semihost_nf.a(_cr__main.o)
 .ARM.attributes
                0x000003a2       0x2c e:/nxp/mcuxpressoide_11.0.0_2516/ide/plugins/com.nxp.mcuxpresso.tools.win32_11.0.0.201905131304/tools/bin/../lib/gcc/arm-none-eabi/8.2.1/../../../../arm-none-eabi/lib/thumb/v6-m/nofp\libcr_semihost_nf.a(_cr_assert.o)
 .ARM.attributes
                0x000003ce       0x31 e:/nxp/mcuxpressoide_11.0.0_2516/ide/plugins/com.nxp.mcuxpresso.tools.win32_11.0.0.201905131304/tools/bin/../lib/gcc/arm-none-eabi/8.2.1/../../../../arm-none-eabi/lib/thumb/v6-m/nofp\libcr_semihost_nf.a(__ciob.o)
 .ARM.attributes
                0x000003ff       0x1c e:/nxp/mcuxpressoide_11.0.0_2516/ide/plugins/com.nxp.mcuxpresso.tools.win32_11.0.0.201905131304/tools/bin/../lib/gcc/arm-none-eabi/8.2.1/../../../../arm-none-eabi/lib/thumb/v6-m/nofp\libcr_semihost_nf.a(__sys_appexit.o)
 .ARM.attributes
                0x0000041b       0x2c e:/nxp/mcuxpressoide_11.0.0_2516/ide/plugins/com.nxp.mcuxpresso.tools.win32_11.0.0.201905131304/tools/bin/../lib/gcc/arm-none-eabi/8.2.1/../../../../arm-none-eabi/lib/thumb/v6-m/nofp\libcr_c.a(memset.o)
 .ARM.attributes
                0x00000447       0x2c e:/nxp/mcuxpressoide_11.0.0_2516/ide/plugins/com.nxp.mcuxpresso.tools.win32_11.0.0.201905131304/tools/bin/../lib/gcc/arm-none-eabi/8.2.1/../../../../arm-none-eabi/lib/thumb/v6-m/nofp\libcr_c.a(_deferredlazyseek.o)
 .ARM.attributes
                0x00000473       0x2c e:/nxp/mcuxpressoide_11.0.0_2516/ide/plugins/com.nxp.mcuxpresso.tools.win32_11.0.0.201905131304/tools/bin/../lib/gcc/arm-none-eabi/8.2.1/../../../../arm-none-eabi/lib/thumb/v6-m/nofp\libcr_c.a(_fflush.o)
 .ARM.attributes
                0x0000049f       0x2c e:/nxp/mcuxpressoide_11.0.0_2516/ide/plugins/com.nxp.mcuxpresso.tools.win32_11.0.0.201905131304/tools/bin/../lib/gcc/arm-none-eabi/8.2.1/../../../../arm-none-eabi/lib/thumb/v6-m/nofp\libcr_c.a(_writebuf.o)
 .ARM.attributes
                0x000004cb       0x2c e:/nxp/mcuxpressoide_11.0.0_2516/ide/plugins/com.nxp.mcuxpresso.tools.win32_11.0.0.201905131304/tools/bin/../lib/gcc/arm-none-eabi/8.2.1/../../../../arm-none-eabi/lib/thumb/v6-m/nofp\libcr_c.a(alloc.o)
 .ARM.attributes
                0x000004f7       0x2c e:/nxp/mcuxpressoide_11.0.0_2516/ide/plugins/com.nxp.mcuxpresso.tools.win32_11.0.0.201905131304/tools/bin/../lib/gcc/arm-none-eabi/8.2.1/../../../../arm-none-eabi/lib/thumb/v6-m/nofp\libcr_c.a(fputs.o)
 .ARM.attributes
                0x00000523       0x2c e:/nxp/mcuxpressoide_11.0.0_2516/ide/plugins/com.nxp.mcuxpresso.tools.win32_11.0.0.201905131304/tools/bin/../lib/gcc/arm-none-eabi/8.2.1/../../../../arm-none-eabi/lib/thumb/v6-m/nofp\libcr_c.a(fseek.o)
 .ARM.attributes
                0x0000054f       0x2c e:/nxp/mcuxpressoide_11.0.0_2516/ide/plugins/com.nxp.mcuxpresso.tools.win32_11.0.0.201905131304/tools/bin/../lib/gcc/arm-none-eabi/8.2.1/../../../../arm-none-eabi/lib/thumb/v6-m/nofp\libcr_c.a(ftell.o)
 .ARM.attributes
                0x0000057b       0x2c e:/nxp/mcuxpressoide_11.0.0_2516/ide/plugins/com.nxp.mcuxpresso.tools.win32_11.0.0.201905131304/tools/bin/../lib/gcc/arm-none-eabi/8.2.1/../../../../arm-none-eabi/lib/thumb/v6-m/nofp\libcr_c.a(initio.o)
 .ARM.attributes
                0x000005a7       0x2c e:/nxp/mcuxpressoide_11.0.0_2516/ide/plugins/com.nxp.mcuxpresso.tools.win32_11.0.0.201905131304/tools/bin/../lib/gcc/arm-none-eabi/8.2.1/../../../../arm-none-eabi/lib/thumb/v6-m/nofp\libcr_c.a(setvbuf.o)
 .ARM.attributes
                0x000005d3       0x2c e:/nxp/mcuxpressoide_11.0.0_2516/ide/plugins/com.nxp.mcuxpresso.tools.win32_11.0.0.201905131304/tools/bin/../lib/gcc/arm-none-eabi/8.2.1/../../../../arm-none-eabi/lib/thumb/v6-m/nofp\libcr_c.a(stdlib.o)
 .ARM.attributes
                0x000005ff       0x2c e:/nxp/mcuxpressoide_11.0.0_2516/ide/plugins/com.nxp.mcuxpresso.tools.win32_11.0.0.201905131304/tools/bin/../lib/gcc/arm-none-eabi/8.2.1/../../../../arm-none-eabi/lib/thumb/v6-m/nofp\libcr_c.a(__init_alloc.o)
 .ARM.attributes
                0x0000062b       0x2c e:/nxp/mcuxpressoide_11.0.0_2516/ide/plugins/com.nxp.mcuxpresso.tools.win32_11.0.0.201905131304/tools/bin/../lib/gcc/arm-none-eabi/8.2.1/../../../../arm-none-eabi/lib/thumb/v6-m/nofp\libcr_c.a(_cr_sbrk.o)
 .ARM.attributes
                0x00000657       0x2c e:/nxp/mcuxpressoide_11.0.0_2516/ide/plugins/com.nxp.mcuxpresso.tools.win32_11.0.0.201905131304/tools/bin/../lib/gcc/arm-none-eabi/8.2.1/../../../../arm-none-eabi/lib/thumb/v6-m/nofp\libcr_c.a(_fdopen.o)
 .ARM.attributes
                0x00000683       0x31 e:/nxp/mcuxpressoide_11.0.0_2516/ide/plugins/com.nxp.mcuxpresso.tools.win32_11.0.0.201905131304/tools/bin/../lib/gcc/arm-none-eabi/8.2.1/../../../../arm-none-eabi/lib/thumb/v6-m/nofp\libcr_c.a(errno.o)
 .ARM.attributes
                0x000006b4       0x2c e:/nxp/mcuxpressoide_11.0.0_2516/ide/plugins/com.nxp.mcuxpresso.tools.win32_11.0.0.201905131304/tools/bin/../lib/gcc/arm-none-eabi/8.2.1/../../../../arm-none-eabi/lib/thumb/v6-m/nofp\libcr_c.a(fclose.o)
 .ARM.attributes
                0x000006e0       0x2c e:/nxp/mcuxpressoide_11.0.0_2516/ide/plugins/com.nxp.mcuxpresso.tools.win32_11.0.0.201905131304/tools/bin/../lib/gcc/arm-none-eabi/8.2.1/../../../../arm-none-eabi/lib/thumb/v6-m/nofp\libcr_c.a(fflush.o)
 .ARM.attributes
                0x0000070c       0x2c e:/nxp/mcuxpressoide_11.0.0_2516/ide/plugins/com.nxp.mcuxpresso.tools.win32_11.0.0.201905131304/tools/bin/../lib/gcc/arm-none-eabi/8.2.1/../../../../arm-none-eabi/lib/thumb/v6-m/nofp\libcr_c.a(remove.o)
 .ARM.attributes
                0x00000738       0x2c e:/nxp/mcuxpressoide_11.0.0_2516/ide/plugins/com.nxp.mcuxpresso.tools.win32_11.0.0.201905131304/tools/bin/../lib/gcc/arm-none-eabi/8.2.1/../../../../arm-none-eabi/lib/thumb/v6-m/nofp\libcr_c.a(strlen.o)
 .ARM.attributes
                0x00000764       0x2c e:/nxp/mcuxpressoide_11.0.0_2516/ide/plugins/com.nxp.mcuxpresso.tools.win32_11.0.0.201905131304/tools/bin/../lib/gcc/arm-none-eabi/8.2.1/../../../../arm-none-eabi/lib/thumb/v6-m/nofp\libcr_c.a(_cr_check_heap.o)
 .ARM.attributes
                0x00000790       0x2c e:/nxp/mcuxpressoide_11.0.0_2516/ide/plugins/com.nxp.mcuxpresso.tools.win32_11.0.0.201905131304/tools/bin/../lib/gcc/arm-none-eabi/8.2.1/../../../../arm-none-eabi/lib/thumb/v6-m/nofp\libcr_c.a(_do_fflush.o)
 .ARM.attributes
                0x000007bc       0x1c e:/nxp/mcuxpressoide_11.0.0_2516/ide/plugins/com.nxp.mcuxpresso.tools.win32_11.0.0.201905131304/tools/bin/../lib/gcc/arm-none-eabi/8.2.1/thumb/v6-m/nofp\libcr_eabihelpers.a(division_32.o)
 .ARM.attributes
                0x000007d8       0x1c e:/nxp/mcuxpressoide_11.0.0_2516/ide/plugins/com.nxp.mcuxpresso.tools.win32_11.0.0.201905131304/tools/bin/../lib/gcc/arm-none-eabi/8.2.1/thumb/v6-m/nofp\libcr_eabihelpers.a(division_idiv0.o)
 .ARM.attributes
                0x000007f4       0x1c e:/nxp/mcuxpressoide_11.0.0_2516/ide/plugins/com.nxp.mcuxpresso.tools.win32_11.0.0.201905131304/tools/bin/../lib/gcc/arm-none-eabi/8.2.1/thumb/v6-m/nofp\libcr_eabihelpers.a(memcpy.o)
 .ARM.attributes
                0x00000810       0x1c e:/nxp/mcuxpressoide_11.0.0_2516/ide/plugins/com.nxp.mcuxpresso.tools.win32_11.0.0.201905131304/tools/bin/../lib/gcc/arm-none-eabi/8.2.1/../../../../arm-none-eabi/lib/thumb/v6-m/nofp\libcr_semihost_nf.a(__sys_close.o)
 .ARM.attributes
                0x0000082c       0x1c e:/nxp/mcuxpressoide_11.0.0_2516/ide/plugins/com.nxp.mcuxpresso.tools.win32_11.0.0.201905131304/tools/bin/../lib/gcc/arm-none-eabi/8.2.1/../../../../arm-none-eabi/lib/thumb/v6-m/nofp\libcr_semihost_nf.a(__sys_flen.o)
 .ARM.attributes
                0x00000848       0x1c e:/nxp/mcuxpressoide_11.0.0_2516/ide/plugins/com.nxp.mcuxpresso.tools.win32_11.0.0.201905131304/tools/bin/../lib/gcc/arm-none-eabi/8.2.1/../../../../arm-none-eabi/lib/thumb/v6-m/nofp\libcr_semihost_nf.a(__sys_istty.o)
 .ARM.attributes
                0x00000864       0x1c e:/nxp/mcuxpressoide_11.0.0_2516/ide/plugins/com.nxp.mcuxpresso.tools.win32_11.0.0.201905131304/tools/bin/../lib/gcc/arm-none-eabi/8.2.1/../../../../arm-none-eabi/lib/thumb/v6-m/nofp\libcr_semihost_nf.a(__sys_remove.o)
 .ARM.attributes
                0x00000880       0x1c e:/nxp/mcuxpressoide_11.0.0_2516/ide/plugins/com.nxp.mcuxpresso.tools.win32_11.0.0.201905131304/tools/bin/../lib/gcc/arm-none-eabi/8.2.1/../../../../arm-none-eabi/lib/thumb/v6-m/nofp\libcr_semihost_nf.a(__sys_seek.o)
 .ARM.attributes
                0x0000089c       0x1c e:/nxp/mcuxpressoide_11.0.0_2516/ide/plugins/com.nxp.mcuxpresso.tools.win32_11.0.0.201905131304/tools/bin/../lib/gcc/arm-none-eabi/8.2.1/../../../../arm-none-eabi/lib/thumb/v6-m/nofp\libcr_semihost_nf.a(__sys_tmpnam.o)
 .ARM.attributes
                0x000008b8       0x1c e:/nxp/mcuxpressoide_11.0.0_2516/ide/plugins/com.nxp.mcuxpresso.tools.win32_11.0.0.201905131304/tools/bin/../lib/gcc/arm-none-eabi/8.2.1/../../../../arm-none-eabi/lib/thumb/v6-m/nofp\libcr_semihost_nf.a(__sys_write.o)

.debug_frame    0x00000000     0x200c
 .debug_frame   0x00000000      0x3b0 ./startup/startup_mkl03z4.o
 .debug_frame   0x000003b0       0x2c ./source/MKL03Z16xxx4_Project.o
 .debug_frame   0x000003dc       0x20 ./source/semihost_hardfault.o
 .debug_frame   0x000003fc      0x258 ./drivers/fsl_clock.o
 .debug_frame   0x00000654      0x190 ./drivers/fsl_gpio.o
 .debug_frame   0x000007e4      0x570 ./drivers/fsl_i2c.o
 .debug_frame   0x00000d54       0xd0 ./drivers/fsl_lptmr.o
 .debug_frame   0x00000e24      0x410 ./drivers/fsl_lpuart.o
 .debug_frame   0x00001234      0x46c ./drivers/fsl_spi.o
 .debug_frame   0x000016a0      0x1d0 ./drivers/fsl_tpm.o
 .debug_frame   0x00001870      0x154 ./chv_drivers/accel.o
 .debug_frame   0x000019c4       0xe8 ./chv_drivers/adc.o
 .debug_frame   0x00001aac      0x190 ./chv_drivers/led.o
 .debug_frame   0x00001c3c      0x148 ./chv_drivers/timer.o
 .debug_frame   0x00001d84      0x124 ./chv_app/app.o
 .debug_frame   0x00001ea8       0x64 ./board/clock_config.o
 .debug_frame   0x00001f0c       0x2c ./board/peripherals.o
 .debug_frame   0x00001f38       0x88 ./board/pin_mux.o
 .debug_frame   0x00001fc0       0x4c ./CMSIS/system_MKL03Z4.o

Cross Reference Table

Symbol                                            File
ADC0_DriverIRQHandler                             ./startup/startup_mkl03z4.o
ADC0_IRQHandler                                   ./chv_drivers/adc.o
                                                  ./startup/startup_mkl03z4.o
ADC16_ClearStatusFlags                            ./drivers/fsl_adc16.o
ADC16_Deinit                                      ./drivers/fsl_adc16.o
ADC16_DoAutoCalibration                           ./drivers/fsl_adc16.o
                                                  ./chv_drivers/adc.o
ADC16_GetChannelStatusFlags                       ./drivers/fsl_adc16.o
ADC16_GetDefaultConfig                            ./drivers/fsl_adc16.o
                                                  ./chv_drivers/adc.o
ADC16_GetStatusFlags                              ./drivers/fsl_adc16.o
ADC16_Init                                        ./drivers/fsl_adc16.o
                                                  ./chv_drivers/adc.o
ADC16_SetChannelConfig                            ./drivers/fsl_adc16.o
                                                  ./chv_drivers/adc.o
ADC16_SetChannelMuxMode                           ./drivers/fsl_adc16.o
ADC16_SetHardwareAverage                          ./drivers/fsl_adc16.o
ADC16_SetHardwareCompareConfig                    ./drivers/fsl_adc16.o
BOARD_BootClockRUN                                ./board/clock_config.o
BOARD_InitBootClocks                              ./board/clock_config.o
                                                  ./source/MKL03Z16xxx4_Project.o
BOARD_InitBootPeripherals                         ./board/peripherals.o
                                                  ./source/MKL03Z16xxx4_Project.o
BOARD_InitBootPins                                ./board/pin_mux.o
                                                  ./source/MKL03Z16xxx4_Project.o
BOARD_InitDebugConsole                            ./board/board.o
BOARD_InitPins                                    ./board/pin_mux.o
CLOCK_DeinitOsc0                                  ./drivers/fsl_clock.o
CLOCK_GetBusClkFreq                               ./drivers/fsl_clock.o
CLOCK_GetCoreSysClkFreq                           ./drivers/fsl_clock.o
CLOCK_GetEr32kClkFreq                             ./drivers/fsl_clock.o
CLOCK_GetFlashClkFreq                             ./drivers/fsl_clock.o
CLOCK_GetFreq                                     ./drivers/fsl_clock.o
                                                  ./chv_drivers/accel.o
CLOCK_GetInternalRefClkFreq                       ./drivers/fsl_clock.o
CLOCK_GetMode                                     ./drivers/fsl_clock.o
CLOCK_GetOsc0ErClkFreq                            ./drivers/fsl_clock.o
CLOCK_GetOutClkFreq                               ./drivers/fsl_clock.o
CLOCK_GetPeriphClkFreq                            ./drivers/fsl_clock.o
CLOCK_GetPlatClkFreq                              ./drivers/fsl_clock.o
CLOCK_InitOsc0                                    ./drivers/fsl_clock.o
CLOCK_SetMcgliteConfig                            ./drivers/fsl_clock.o
                                                  ./board/clock_config.o
CLOCK_SetSimConfig                                ./drivers/fsl_clock.o
                                                  ./board/clock_config.o
CMP0_DriverIRQHandler                             ./startup/startup_mkl03z4.o
CMP0_IRQHandler                                   ./startup/startup_mkl03z4.o
CMP_ClearStatusFlags                              ./drivers/fsl_cmp.o
CMP_Deinit                                        ./drivers/fsl_cmp.o
CMP_DisableInterrupts                             ./drivers/fsl_cmp.o
CMP_EnableInterrupts                              ./drivers/fsl_cmp.o
CMP_GetDefaultConfig                              ./drivers/fsl_cmp.o
CMP_GetStatusFlags                                ./drivers/fsl_cmp.o
CMP_Init                                          ./drivers/fsl_cmp.o
CMP_SetDACConfig                                  ./drivers/fsl_cmp.o
CMP_SetFilterConfig                               ./drivers/fsl_cmp.o
CMP_SetInputChannels                              ./drivers/fsl_cmp.o
COP_GetDefaultConfig                              ./drivers/fsl_cop.o
COP_Init                                          ./drivers/fsl_cop.o
COP_Refresh                                       ./drivers/fsl_cop.o
FGPIO_PinInit                                     ./drivers/fsl_gpio.o
FGPIO_PortClearInterruptFlags                     ./drivers/fsl_gpio.o
FGPIO_PortGetInterruptFlags                       ./drivers/fsl_gpio.o
FLASH_Erase                                       ./drivers/fsl_flash.o
FLASH_EraseAll                                    ./drivers/fsl_flash.o
FLASH_EraseAllExecuteOnlySegments                 ./drivers/fsl_flash.o
FLASH_EraseAllUnsecure                            ./drivers/fsl_flash.o
FLASH_GetProperty                                 ./drivers/fsl_flash.o
FLASH_GetSecurityState                            ./drivers/fsl_flash.o
FLASH_Init                                        ./drivers/fsl_flash.o
FLASH_IsExecuteOnly                               ./drivers/fsl_flash.o
FLASH_IsProtected                                 ./drivers/fsl_flash.o
FLASH_PflashGetPrefetchSpeculation                ./drivers/fsl_flash.o
FLASH_PflashGetProtection                         ./drivers/fsl_flash.o
FLASH_PflashSetPrefetchSpeculation                ./drivers/fsl_flash.o
                                                  ./drivers/fsl_smc.o
FLASH_PflashSetProtection                         ./drivers/fsl_flash.o
FLASH_PrepareExecuteInRamFunctions                ./drivers/fsl_flash.o
FLASH_Program                                     ./drivers/fsl_flash.o
FLASH_ProgramOnce                                 ./drivers/fsl_flash.o
FLASH_ReadOnce                                    ./drivers/fsl_flash.o
FLASH_ReadResource                                ./drivers/fsl_flash.o
FLASH_SecurityBypass                              ./drivers/fsl_flash.o
FLASH_SetProperty                                 ./drivers/fsl_flash.o
FLASH_VerifyErase                                 ./drivers/fsl_flash.o
FLASH_VerifyEraseAll                              ./drivers/fsl_flash.o
FLASH_VerifyEraseAllExecuteOnlySegments           ./drivers/fsl_flash.o
FLASH_VerifyProgram                               ./drivers/fsl_flash.o
FTFA_DriverIRQHandler                             ./startup/startup_mkl03z4.o
FTFA_IRQHandler                                   ./startup/startup_mkl03z4.o
Flash_Config                                      ./startup/startup_mkl03z4.o
GPIO_PinInit                                      ./drivers/fsl_gpio.o
GPIO_PortClearInterruptFlags                      ./drivers/fsl_gpio.o
                                                  ./chv_drivers/accel.o
GPIO_PortGetInterruptFlags                        ./drivers/fsl_gpio.o
HardFault_Handler                                 ./source/semihost_hardfault.o
                                                  ./startup/startup_mkl03z4.o
I2C0_DriverIRQHandler                             ./drivers/fsl_i2c.o
                                                  ./startup/startup_mkl03z4.o
I2C0_IRQHandler                                   ./startup/startup_mkl03z4.o
I2C_DisableInterrupts                             ./drivers/fsl_i2c.o
I2C_EnableInterrupts                              ./drivers/fsl_i2c.o
I2C_GetInstance                                   ./drivers/fsl_i2c.o
I2C_MasterDeinit                                  ./drivers/fsl_i2c.o
I2C_MasterGetDefaultConfig                        ./drivers/fsl_i2c.o
                                                  ./chv_drivers/accel.o
I2C_MasterGetStatusFlags                          ./drivers/fsl_i2c.o
I2C_MasterInit                                    ./drivers/fsl_i2c.o
                                                  ./chv_drivers/accel.o
I2C_MasterReadBlocking                            ./drivers/fsl_i2c.o
I2C_MasterRepeatedStart                           ./drivers/fsl_i2c.o
I2C_MasterSetBaudRate                             ./drivers/fsl_i2c.o
I2C_MasterStart                                   ./drivers/fsl_i2c.o
I2C_MasterStop                                    ./drivers/fsl_i2c.o
I2C_MasterTransferAbort                           ./drivers/fsl_i2c.o
I2C_MasterTransferBlocking                        ./drivers/fsl_i2c.o
I2C_MasterTransferCreateHandle                    ./drivers/fsl_i2c.o
                                                  ./chv_drivers/accel.o
I2C_MasterTransferGetCount                        ./drivers/fsl_i2c.o
I2C_MasterTransferHandleIRQ                       ./drivers/fsl_i2c.o
I2C_MasterTransferNonBlocking                     ./drivers/fsl_i2c.o
                                                  ./chv_drivers/accel.o
I2C_MasterWriteBlocking                           ./drivers/fsl_i2c.o
I2C_SlaveDeinit                                   ./drivers/fsl_i2c.o
I2C_SlaveGetDefaultConfig                         ./drivers/fsl_i2c.o
I2C_SlaveInit                                     ./drivers/fsl_i2c.o
I2C_SlaveReadBlocking                             ./drivers/fsl_i2c.o
I2C_SlaveTransferAbort                            ./drivers/fsl_i2c.o
I2C_SlaveTransferCreateHandle                     ./drivers/fsl_i2c.o
I2C_SlaveTransferGetCount                         ./drivers/fsl_i2c.o
I2C_SlaveTransferHandleIRQ                        ./drivers/fsl_i2c.o
I2C_SlaveTransferNonBlocking                      ./drivers/fsl_i2c.o
I2C_SlaveWriteBlocking                            ./drivers/fsl_i2c.o
IntDefaultHandler                                 ./startup/startup_mkl03z4.o
LLWU_ClearExternalWakeupPinFlag                   ./drivers/fsl_llwu.o
LLWU_ClearPinFilterFlag                           ./drivers/fsl_llwu.o
LLWU_DriverIRQHandler                             ./startup/startup_mkl03z4.o
LLWU_GetExternalWakeupPinFlag                     ./drivers/fsl_llwu.o
LLWU_GetPinFilterFlag                             ./drivers/fsl_llwu.o
LLWU_IRQHandler                                   ./startup/startup_mkl03z4.o
LLWU_SetExternalWakeupPinMode                     ./drivers/fsl_llwu.o
LLWU_SetPinFilterMode                             ./drivers/fsl_llwu.o
LPTMR0_DriverIRQHandler                           ./startup/startup_mkl03z4.o
LPTMR0_IRQHandler                                 ./chv_drivers/timer.o
                                                  ./startup/startup_mkl03z4.o
LPTMR_Deinit                                      ./drivers/fsl_lptmr.o
LPTMR_GetDefaultConfig                            ./drivers/fsl_lptmr.o
                                                  ./chv_drivers/timer.o
LPTMR_Init                                        ./drivers/fsl_lptmr.o
                                                  ./chv_drivers/timer.o
LPUART0_DriverIRQHandler                          ./drivers/fsl_lpuart.o
                                                  ./startup/startup_mkl03z4.o
LPUART0_IRQHandler                                ./startup/startup_mkl03z4.o
LPUART_ClearStatusFlags                           ./drivers/fsl_lpuart.o
LPUART_Deinit                                     ./drivers/fsl_lpuart.o
LPUART_DisableInterrupts                          ./drivers/fsl_lpuart.o
LPUART_EnableInterrupts                           ./drivers/fsl_lpuart.o
LPUART_GetDefaultConfig                           ./drivers/fsl_lpuart.o
                                                  ./chv_drivers/uart.o
LPUART_GetEnabledInterrupts                       ./drivers/fsl_lpuart.o
LPUART_GetInstance                                ./drivers/fsl_lpuart.o
LPUART_GetStatusFlags                             ./drivers/fsl_lpuart.o
LPUART_Init                                       ./drivers/fsl_lpuart.o
                                                  ./chv_drivers/uart.o
LPUART_ReadBlocking                               ./drivers/fsl_lpuart.o
LPUART_SetBaudRate                                ./drivers/fsl_lpuart.o
LPUART_TransferAbortReceive                       ./drivers/fsl_lpuart.o
LPUART_TransferAbortSend                          ./drivers/fsl_lpuart.o
LPUART_TransferCreateHandle                       ./drivers/fsl_lpuart.o
LPUART_TransferGetReceiveCount                    ./drivers/fsl_lpuart.o
LPUART_TransferGetRxRingBufferLength              ./drivers/fsl_lpuart.o
LPUART_TransferGetSendCount                       ./drivers/fsl_lpuart.o
LPUART_TransferHandleErrorIRQ                     ./drivers/fsl_lpuart.o
LPUART_TransferHandleIRQ                          ./drivers/fsl_lpuart.o
LPUART_TransferReceiveNonBlocking                 ./drivers/fsl_lpuart.o
LPUART_TransferSendNonBlocking                    ./drivers/fsl_lpuart.o
LPUART_TransferStartRingBuffer                    ./drivers/fsl_lpuart.o
LPUART_TransferStopRingBuffer                     ./drivers/fsl_lpuart.o
LPUART_WriteBlocking                              ./drivers/fsl_lpuart.o
                                                  ./chv_drivers/uart.o
NMI_Handler                                       ./startup/startup_mkl03z4.o
PMC_ConfigureBandgapBuffer                        ./drivers/fsl_pmc.o
PMC_ConfigureLowVoltDetect                        ./drivers/fsl_pmc.o
PMC_ConfigureLowVoltWarning                       ./drivers/fsl_pmc.o
PMC_DriverIRQHandler                              ./startup/startup_mkl03z4.o
PMC_IRQHandler                                    ./startup/startup_mkl03z4.o
PORTA_DriverIRQHandler                            ./startup/startup_mkl03z4.o
PORTA_IRQHandler                                  ./startup/startup_mkl03z4.o
PORTB_DriverIRQHandler                            ./startup/startup_mkl03z4.o
PORTB_IRQHandler                                  ./chv_drivers/accel.o
                                                  ./startup/startup_mkl03z4.o
PendSV_Handler                                    ./startup/startup_mkl03z4.o
RCM_ConfigureResetPinFilter                       ./drivers/fsl_rcm.o
RCM_SetForceBootRomSource                         ./drivers/fsl_rcm.o
RTC_ClearStatusFlags                              ./drivers/fsl_rtc.o
RTC_DisableInterrupts                             ./drivers/fsl_rtc.o
RTC_DriverIRQHandler                              ./startup/startup_mkl03z4.o
RTC_EnableInterrupts                              ./drivers/fsl_rtc.o
RTC_GetAlarm                                      ./drivers/fsl_rtc.o
RTC_GetDatetime                                   ./drivers/fsl_rtc.o
RTC_GetDefaultConfig                              ./drivers/fsl_rtc.o
RTC_GetEnabledInterrupts                          ./drivers/fsl_rtc.o
RTC_GetStatusFlags                                ./drivers/fsl_rtc.o
RTC_IRQHandler                                    ./startup/startup_mkl03z4.o
RTC_Init                                          ./drivers/fsl_rtc.o
RTC_Seconds_DriverIRQHandler                      ./startup/startup_mkl03z4.o
RTC_Seconds_IRQHandler                            ./startup/startup_mkl03z4.o
RTC_SetAlarm                                      ./drivers/fsl_rtc.o
RTC_SetDatetime                                   ./drivers/fsl_rtc.o
Reserved16_DriverIRQHandler                       ./startup/startup_mkl03z4.o
Reserved16_IRQHandler                             ./startup/startup_mkl03z4.o
Reserved17_DriverIRQHandler                       ./startup/startup_mkl03z4.o
Reserved17_IRQHandler                             ./startup/startup_mkl03z4.o
Reserved18_DriverIRQHandler                       ./startup/startup_mkl03z4.o
Reserved18_IRQHandler                             ./startup/startup_mkl03z4.o
Reserved19_DriverIRQHandler                       ./startup/startup_mkl03z4.o
Reserved19_IRQHandler                             ./startup/startup_mkl03z4.o
Reserved20_DriverIRQHandler                       ./startup/startup_mkl03z4.o
Reserved20_IRQHandler                             ./startup/startup_mkl03z4.o
Reserved25_DriverIRQHandler                       ./startup/startup_mkl03z4.o
Reserved25_IRQHandler                             ./startup/startup_mkl03z4.o
Reserved27_DriverIRQHandler                       ./startup/startup_mkl03z4.o
Reserved27_IRQHandler                             ./startup/startup_mkl03z4.o
Reserved29_DriverIRQHandler                       ./startup/startup_mkl03z4.o
Reserved29_IRQHandler                             ./startup/startup_mkl03z4.o
Reserved30_DriverIRQHandler                       ./startup/startup_mkl03z4.o
Reserved30_IRQHandler                             ./startup/startup_mkl03z4.o
Reserved35_DriverIRQHandler                       ./startup/startup_mkl03z4.o
Reserved35_IRQHandler                             ./startup/startup_mkl03z4.o
Reserved38_DriverIRQHandler                       ./startup/startup_mkl03z4.o
Reserved38_IRQHandler                             ./startup/startup_mkl03z4.o
Reserved39_DriverIRQHandler                       ./startup/startup_mkl03z4.o
Reserved39_IRQHandler                             ./startup/startup_mkl03z4.o
Reserved40_DriverIRQHandler                       ./startup/startup_mkl03z4.o
Reserved40_IRQHandler                             ./startup/startup_mkl03z4.o
Reserved41_DriverIRQHandler                       ./startup/startup_mkl03z4.o
Reserved41_IRQHandler                             ./startup/startup_mkl03z4.o
Reserved42_DriverIRQHandler                       ./startup/startup_mkl03z4.o
Reserved42_IRQHandler                             ./startup/startup_mkl03z4.o
Reserved43_DriverIRQHandler                       ./startup/startup_mkl03z4.o
Reserved43_IRQHandler                             ./startup/startup_mkl03z4.o
Reserved45_DriverIRQHandler                       ./startup/startup_mkl03z4.o
Reserved45_IRQHandler                             ./startup/startup_mkl03z4.o
ResetISR                                          ./startup/startup_mkl03z4.o
SIM_GetUniqueId                                   ./drivers/fsl_sim.o
SMC_PostExitStopModes                             ./drivers/fsl_smc.o
SMC_PostExitWaitModes                             ./drivers/fsl_smc.o
SMC_PreEnterStopModes                             ./drivers/fsl_smc.o
SMC_PreEnterWaitModes                             ./drivers/fsl_smc.o
SMC_SetPowerModeRun                               ./drivers/fsl_smc.o
SMC_SetPowerModeStop                              ./drivers/fsl_smc.o
SMC_SetPowerModeVlls                              ./drivers/fsl_smc.o
SMC_SetPowerModeVlpr                              ./drivers/fsl_smc.o
SMC_SetPowerModeVlps                              ./drivers/fsl_smc.o
SMC_SetPowerModeVlpw                              ./drivers/fsl_smc.o
SMC_SetPowerModeWait                              ./drivers/fsl_smc.o
SPI0_DriverIRQHandler                             ./drivers/fsl_spi.o
                                                  ./startup/startup_mkl03z4.o
SPI0_IRQHandler                                   ./startup/startup_mkl03z4.o
SPI_Deinit                                        ./drivers/fsl_spi.o
SPI_DisableInterrupts                             ./drivers/fsl_spi.o
SPI_EnableInterrupts                              ./drivers/fsl_spi.o
SPI_GetInstance                                   ./drivers/fsl_spi.o
SPI_GetStatusFlags                                ./drivers/fsl_spi.o
SPI_MasterGetDefaultConfig                        ./drivers/fsl_spi.o
SPI_MasterInit                                    ./drivers/fsl_spi.o
SPI_MasterSetBaudRate                             ./drivers/fsl_spi.o
SPI_MasterTransferAbort                           ./drivers/fsl_spi.o