usb_device_dci.c:195:21:USB_DeviceGetControllerInterface	0	static
usb_device_dci.c:339:21:USB_DeviceControl	8	static
usb_device_dci.c:372:21:USB_DeviceResetNotification	8	static
usb_device_dci.c:660:21:USB_DeviceNotification	24	static
usb_device_dci.c:104:21:USB_DeviceAllocateHandle	24	static
usb_device_dci.c:143:21:USB_DeviceFreeHandle	24	static
usb_device_dci.c:258:21:USB_DeviceTransfer	40	static
usb_device_dci.c:762:14:USB_DeviceNotificationTrigger	8	static
usb_device_dci.c:917:14:USB_DeviceRun	8	static
usb_device_dci.c:933:14:USB_DeviceStop	8	static
usb_device_dci.c:947:14:USB_DeviceDeinit	8	static
usb_device_dci.c:818:14:USB_DeviceInit	32	static
usb_device_dci.c:1001:14:USB_DeviceSendRequest	8	static
usb_device_dci.c:1032:14:USB_DeviceRecvRequest	8	static
usb_device_dci.c:1051:14:USB_DeviceCancel	8	static
usb_device_dci.c:1090:14:USB_DeviceInitEndpoint	24	static
usb_device_dci.c:1140:14:USB_DeviceDeinitEndpoint	24	static
usb_device_dci.c:1194:14:USB_DeviceStallEndpoint	16	static
usb_device_dci.c:1219:14:USB_DeviceUnstallEndpoint	16	static
usb_device_dci.c:1246:14:USB_DeviceGetStatus	8	static
usb_device_dci.c:1309:14:USB_DeviceSetStatus	8	static
usb_device_dci.c:1447:6:USB_DeviceGetVersion	0	static
